// Jest Snapshot v1, https://goo.gl/fbAQLP

exports[`confirmationDialogue Snapshot Testing with Jest 1`] = `
<Modal
  animationType="fade"
  hardwareAccelerated={false}
  onRequestClose={[Function]}
  supportedOrientations={
    [
      "portrait",
      "portrait-upside-down",
      "landscape",
      "landscape-left",
      "landscape-right",
    ]
  }
  transparent={true}
  visible={false}
/>
`;
