// Jest Snapshot v1, https://goo.gl/fbAQLP

exports[`header Snapshot Testing with Jest 1`] = `
<View>
  <View
    accessibilityState={
      {
        "busy": undefined,
        "checked": undefined,
        "disabled": true,
        "expanded": undefined,
        "selected": undefined,
      }
    }
    accessibilityValue={
      {
        "max": undefined,
        "min": undefined,
        "now": undefined,
        "text": undefined,
      }
    }
    accessible={true}
    collapsable={false}
    focusable={true}
    onClick={[Function]}
    onResponderGrant={[Function]}
    onResponderMove={[Function]}
    onResponderRelease={[Function]}
    onResponderTerminate={[Function]}
    onResponderTerminationRequest={[Function]}
    onStartShouldSetResponder={[Function]}
    style={
      {
        "alignItems": "center",
        "backgroundColor": "#FFFFFF",
        "flexDirection": "row",
        "justifyContent": "center",
        "opacity": 1,
        "paddingBottom": 22,
        "paddingHorizontal": 19,
        "paddingTop": 10,
      }
    }
  >
    <View
      style={
        {
          "alignItems": "flex-start",
          "width": "20%",
        }
      }
    >
      <View
        accessibilityState={
          {
            "busy": undefined,
            "checked": undefined,
            "disabled": undefined,
            "expanded": undefined,
            "selected": undefined,
          }
        }
        accessibilityValue={
          {
            "max": undefined,
            "min": undefined,
            "now": undefined,
            "text": undefined,
          }
        }
        accessible={true}
        collapsable={false}
        focusable={false}
        onClick={[Function]}
        onResponderGrant={[Function]}
        onResponderMove={[Function]}
        onResponderRelease={[Function]}
        onResponderTerminate={[Function]}
        onResponderTerminationRequest={[Function]}
        onStartShouldSetResponder={[Function]}
        style={
          {
            "alignItems": "center",
            "backgroundColor": "#D3E29F40",
            "borderRadius": 100,
            "height": 48,
            "justifyContent": "center",
            "margin": 0,
            "opacity": 1,
            "paddingHorizontal": 15.5,
            "paddingVertical": 24,
            "shadowColor": "",
            "shadowOffset": {
              "height": 0,
              "width": 0,
            },
            "shadowOpacity": 0,
            "width": 48,
          }
        }
        testID="leftButton"
      >
        <RNSVGSvgView
          align="xMidYMid"
          bbHeight={24}
          bbWidth={24}
          fill="none"
          focusable={false}
          height={24}
          meetOrSlice={0}
          minX={0}
          minY={0}
          style={
            [
              {
                "backgroundColor": "transparent",
                "borderWidth": 0,
              },
              {
                "height": "auto",
                "width": "auto",
              },
              {
                "flex": 0,
                "height": 24,
                "width": 24,
              },
            ]
          }
          vbHeight={24}
          vbWidth={24}
          width={24}
        >
          <RNSVGGroup
            fill={null}
            propList={
              [
                "fill",
              ]
            }
          >
            <RNSVGPath
              d="M18.7071 6.70711C19.0976 6.31658 19.0976 5.68342 18.7071 5.29289C18.3166 4.90237 17.6834 4.90237 17.2929 5.29289L18.7071 6.70711ZM5.29289 17.2929C4.90237 17.6834 4.90237 18.3166 5.29289 18.7071C5.68342 19.0976 6.31658 19.0976 6.70711 18.7071L5.29289 17.2929ZM17.2929 18.7071C17.6834 19.0976 18.3166 19.0976 18.7071 18.7071C19.0976 18.3166 19.0976 17.6834 18.7071 17.2929L17.2929 18.7071ZM6.70711 5.29289C6.31658 4.90237 5.68342 4.90237 5.29289 5.29289C4.90237 5.68342 4.90237 6.31658 5.29289 6.70711L6.70711 5.29289ZM17.2929 5.29289L5.29289 17.2929L6.70711 18.7071L18.7071 6.70711L17.2929 5.29289ZM18.7071 17.2929L6.70711 5.29289L5.29289 6.70711L17.2929 18.7071L18.7071 17.2929Z"
              fill={4280752721}
              propList={
                [
                  "fill",
                ]
              }
            />
          </RNSVGGroup>
        </RNSVGSvgView>
      </View>
    </View>
    <View
      style={
        {
          "alignItems": "center",
          "width": "60%",
        }
      }
    >
      <Text
        adjustsFontSizeToFit={true}
        style={
          [
            {
              "fontFamily": "Poppins",
            },
            undefined,
            {
              "color": "#72996B",
              "fontSize": 16,
              "fontWeight": "600",
              "lineHeight": 24,
            },
          ]
        }
        testID="title"
      />
    </View>
    <View
      style={
        {
          "alignItems": "flex-end",
          "width": "20%",
        }
      }
    />
  </View>
  <View
    style={false}
  >
    <View
      style={false}
    />
  </View>
</View>
`;
