// Jest Snapshot v1, https://goo.gl/fbAQLP

exports[`logTimePicker snapshot 1`] = `
[
  <View
    accessibilityState={
      {
        "busy": undefined,
        "checked": undefined,
        "disabled": undefined,
        "expanded": undefined,
        "selected": undefined,
      }
    }
    accessibilityValue={
      {
        "max": undefined,
        "min": undefined,
        "now": undefined,
        "text": undefined,
      }
    }
    accessible={true}
    collapsable={false}
    focusable={true}
    onClick={[Function]}
    onResponderGrant={[Function]}
    onResponderMove={[Function]}
    onResponderRelease={[Function]}
    onResponderTerminate={[Function]}
    onResponderTerminationRequest={[Function]}
    onStartShouldSetResponder={[Function]}
    style={
      {
        "backgroundColor": "#FFFFFF",
        "borderRadius": 16,
        "elevation": 5,
        "flexDirection": "row",
        "justifyContent": "space-between",
        "marginVertical": 8,
        "opacity": 1,
        "paddingHorizontal": 20,
        "paddingVertical": 18,
        "shadowColor": "rgba(0,0,0,0.5)",
        "shadowOffset": {
          "height": 2,
          "width": 0,
        },
        "shadowOpacity": 0.1,
        "shadowRadius": 16,
      }
    }
    testID="logInputContainer"
  >
    <Text
      adjustsFontSizeToFit={true}
      style={
        [
          {
            "fontFamily": "Poppins",
          },
          {
            "flex": 1,
            "lineHeight": 20,
          },
          {
            "color": "#58595A",
            "fontSize": 14,
            "fontWeight": "500",
            "lineHeight": 22,
          },
        ]
      }
      testID="fieldNameTxt"
    >
      Start Time
    </Text>
    <View
      style={
        {
          "alignItems": "center",
          "flex": 1,
          "flexDirection": "row",
        }
      }
    >
      <Text
        adjustsFontSizeToFit={true}
        style={
          [
            {
              "fontFamily": "Poppins",
            },
            {
              "flex": 1,
              "lineHeight": 20,
              "paddingRight": 10,
              "textAlign": "right",
            },
            {
              "color": "#271A51",
              "fontSize": 14,
              "fontWeight": "600",
              "lineHeight": 22,
            },
          ]
        }
        testID="valueTxt"
      >
        12:00
      </Text>
    </View>
  </View>,
  <Modal
    animationType="none"
    deviceHeight={null}
    deviceWidth={null}
    hardwareAccelerated={false}
    hideModalContentWhileAnimating={false}
    onBackdropPress={[Function]}
    onModalHide={[Function]}
    onModalWillHide={[Function]}
    onModalWillShow={[Function]}
    onRequestClose={[Function]}
    onSwipeComplete={[Function]}
    panResponderThreshold={4}
    scrollHorizontal={false}
    scrollOffset={0}
    scrollOffsetMax={0}
    scrollTo={null}
    statusBarTranslucent={false}
    supportedOrientations={
      [
        "portrait",
        "landscape",
      ]
    }
    swipeDirection="down"
    swipeThreshold={100}
    testID="timePickerModal"
    transparent={true}
    visible={false}
  />,
]
`;
