// Jest Snapshot v1, https://goo.gl/fbAQLP

exports[`channelList tests Match Snapshot 1`] = `
<View
  accessibilityState={
    {
      "busy": undefined,
      "checked": undefined,
      "disabled": undefined,
      "expanded": undefined,
      "selected": undefined,
    }
  }
  accessibilityValue={
    {
      "max": undefined,
      "min": undefined,
      "now": undefined,
      "text": undefined,
    }
  }
  accessible={true}
  collapsable={false}
  focusable={true}
  onClick={[Function]}
  onResponderGrant={[Function]}
  onResponderMove={[Function]}
  onResponderRelease={[Function]}
  onResponderTerminate={[Function]}
  onResponderTerminationRequest={[Function]}
  onStartShouldSetResponder={[Function]}
  style={
    {
      "opacity": 1,
    }
  }
>
  <View
    style={
      {
        "alignItems": "center",
        "backgroundColor": "#FFFFFF",
        "borderColor": "#cccccc",
        "borderRadius": 20,
        "elevation": 1,
        "flexDirection": "row",
        "height": 90,
        "marginLeft": 20,
        "marginRight": 20,
        "marginTop": 12,
        "paddingHorizontal": 20,
        "paddingVertical": 23,
        "shadowColor": "rgba(0,0,0,0.5)",
        "shadowOffset": {
          "height": 0,
          "width": 0,
        },
        "shadowOpacity": 0.06,
        "shadowRadius": 3,
      }
    }
  >
    <View
      style={
        [
          {
            "justifyContent": "center",
          },
          undefined,
        ]
      }
    >
      <Image
        source={
          {
            "testUri": "../../../src/assets/images/default_avatar.jpg",
          }
        }
        style={
          {
            "borderRadius": 16,
            "height": 32,
            "width": 32,
          }
        }
      />
      <View
        style={
          {
            "backgroundColor": "#4DBA0B",
            "borderColor": "#FFFFFF",
            "borderRadius": 12,
            "borderStyle": "solid",
            "borderWidth": 2,
            "height": 12,
            "position": "absolute",
            "top": 0,
            "transform": [
              {
                "translateY": -3,
              },
              {
                "translateX": -3,
              },
            ],
            "width": 12,
            "zIndex": 1,
          }
        }
        testID="online"
      />
    </View>
    <View
      style={
        {
          "alignItems": "flex-start",
          "flex": 2.3,
          "marginLeft": 12,
        }
      }
    >
      <Text
        adjustsFontSizeToFit={true}
        style={
          [
            {
              "fontFamily": "Poppins",
            },
            undefined,
            {
              "color": "#271A51",
              "fontSize": 16,
              "fontWeight": "600",
              "lineHeight": 24,
            },
          ]
        }
        testID="displayTitle"
      >
        Coach
      </Text>
      <View
        style={
          {
            "marginTop": 5,
          }
        }
      />
    </View>
    <View
      style={
        {
          "alignItems": "flex-end",
          "flex": 0.7,
        }
      }
    >
      <Text
        adjustsFontSizeToFit={true}
        style={
          [
            {
              "fontFamily": "Poppins",
            },
            undefined,
            {
              "color": "#A4AAAF",
              "fontSize": 12,
              "fontWeight": "400",
              "lineHeight": 20,
            },
          ]
        }
        testID="messageDate"
      >
        02:49 PM
      </Text>
      <View
        style={
          {
            "height": 16,
            "minWidth": 16,
          }
        }
      >
        <View
          style={
            {
              "alignItems": "center",
              "backgroundColor": "#72996B",
              "borderRadius": 8,
              "fontSize": 11,
              "height": 16,
              "justifyContent": "center",
              "marginTop": 3,
              "minWidth": 16,
              "padding": 3,
            }
          }
        >
          <Text
            adjustsFontSizeToFit={true}
            style={
              [
                {
                  "fontFamily": "Poppins",
                },
                undefined,
                {
                  "color": "#FFFFFF",
                  "fontSize": undefined,
                  "fontWeight": "500",
                  "lineHeight": undefined,
                },
              ]
            }
            testID="unread"
          >
            10
          </Text>
        </View>
      </View>
    </View>
  </View>
</View>
`;
