// Jest Snapshot v1, https://goo.gl/fbAQLP

exports[`chatHeader chatHeader snapshot 1`] = `
<View
  style={
    {
      "alignItems": "center",
      "backgroundColor": "#fff",
      "display": "flex",
      "flexDirection": "row",
      "marginLeft": 20,
      "overflow": "hidden",
      "paddingVertical": 14,
    }
  }
>
  <View
    accessibilityState={
      {
        "busy": undefined,
        "checked": undefined,
        "disabled": undefined,
        "expanded": undefined,
        "selected": undefined,
      }
    }
    accessibilityValue={
      {
        "max": undefined,
        "min": undefined,
        "now": undefined,
        "text": undefined,
      }
    }
    accessible={true}
    collapsable={false}
    focusable={false}
    onClick={[Function]}
    onResponderGrant={[Function]}
    onResponderMove={[Function]}
    onResponderRelease={[Function]}
    onResponderTerminate={[Function]}
    onResponderTerminationRequest={[Function]}
    onStartShouldSetResponder={[Function]}
    style={
      {
        "alignItems": "center",
        "backgroundColor": "#D3E29F40",
        "borderRadius": 60,
        "height": 48,
        "justifyContent": "center",
        "opacity": 1,
        "width": 48,
      }
    }
    testID="backButton"
  >
    <RNSVGSvgView
      align="xMidYMid"
      bbHeight={14}
      bbWidth={8}
      fill="none"
      focusable={false}
      height={14}
      meetOrSlice={0}
      minX={0}
      minY={0}
      style={
        [
          {
            "backgroundColor": "transparent",
            "borderWidth": 0,
          },
          {
            "height": "auto",
            "width": "auto",
          },
          {
            "flex": 0,
            "height": 14,
            "width": 8,
          },
        ]
      }
      vbHeight={14}
      vbWidth={8}
      width={8}
    >
      <RNSVGGroup
        fill={null}
        propList={
          [
            "fill",
          ]
        }
      >
        <RNSVGPath
          d="M5.97999 0.319993L2.76999 3.52999L0.79999 5.48999C-0.0300097 6.31999 -0.0300097 7.66999 0.79999 8.49999L5.97999 13.68C6.65999 14.36 7.81999 13.87 7.81999 12.92V7.30999V1.07999C7.81999 0.119992 6.65999 -0.360007 5.97999 0.319993Z"
          fill={4280752721}
          propList={
            [
              "fill",
            ]
          }
        />
      </RNSVGGroup>
    </RNSVGSvgView>
  </View>
  <View
    accessibilityState={
      {
        "busy": undefined,
        "checked": undefined,
        "disabled": undefined,
        "expanded": undefined,
        "selected": undefined,
      }
    }
    accessibilityValue={
      {
        "max": undefined,
        "min": undefined,
        "now": undefined,
        "text": undefined,
      }
    }
    accessible={true}
    collapsable={false}
    focusable={true}
    onClick={[Function]}
    onResponderGrant={[Function]}
    onResponderMove={[Function]}
    onResponderRelease={[Function]}
    onResponderTerminate={[Function]}
    onResponderTerminationRequest={[Function]}
    onStartShouldSetResponder={[Function]}
    style={
      {
        "alignItems": "center",
        "flex": 1,
        "justifyContent": "center",
        "marginRight": 65,
        "opacity": 1,
      }
    }
    testID="titlePress"
  >
    <View
      style={false}
    >
      <Text
        adjustsFontSizeToFit={false}
        lineBreakMode="tail"
        numberOfLines={1}
        style={
          [
            {
              "fontFamily": "Poppins",
            },
            {
              "lineHeight": 22,
              "marginLeft": 6,
            },
            {
              "color": "#72996B",
              "fontSize": 16,
              "fontWeight": "600",
              "lineHeight": 24,
            },
          ]
        }
        testID="displayTitle"
      />
    </View>
  </View>
</View>
`;
