// Jest Snapshot v1, https://goo.gl/fbAQLP

exports[`snapshot / renders without errors 1`] = `
<Image
  source={{}}
/>
`;
