// Jest Snapshot v1, https://goo.gl/fbAQLP

exports[`logunitpicker snapshot 1`] = `
<View
  style={
    {
      "alignItems": "center",
      "flexDirection": "row",
      "justifyContent": "space-evenly",
      "marginBottom": 15,
      "marginTop": 30,
    }
  }
>
  <View
    accessibilityState={
      {
        "busy": undefined,
        "checked": undefined,
        "disabled": undefined,
        "expanded": undefined,
        "selected": undefined,
      }
    }
    accessibilityValue={
      {
        "max": undefined,
        "min": undefined,
        "now": undefined,
        "text": undefined,
      }
    }
    accessible={true}
    collapsable={false}
    focusable={false}
    onClick={[Function]}
    onResponderGrant={[Function]}
    onResponderMove={[Function]}
    onResponderRelease={[Function]}
    onResponderTerminate={[Function]}
    onResponderTerminationRequest={[Function]}
    onStartShouldSetResponder={[Function]}
    style={
      {
        "opacity": 1,
      }
    }
  >
    <RNSVGSvgView
      align="xMidYMid"
      bbHeight={64}
      bbWidth={64}
      fill="none"
      focusable={false}
      height={64}
      meetOrSlice={0}
      minX={0}
      minY={0}
      style={
        [
          {
            "backgroundColor": "transparent",
            "borderWidth": 0,
          },
          {
            "flex": 0,
            "height": 64,
            "width": 64,
          },
        ]
      }
      vbHeight={64}
      vbWidth={64}
      width={64}
    >
      <RNSVGGroup
        fill={null}
        propList={
          [
            "fill",
          ]
        }
      >
        <RNSVGGroup
          matrix={
            [
              1,
              0,
              0,
              -1,
              16,
              48,
            ]
          }
        >
          <RNSVGCircle
            cx={16}
            cy={16}
            fill={4294967295}
            propList={
              [
                "fill",
              ]
            }
            r={16}
          />
          <RNSVGCircle
            cx={16}
            cy={16}
            propList={
              [
                "stroke",
                "strokeWidth",
              ]
            }
            r={14}
            stroke={4283256653}
            strokeWidth={4}
          />
        </RNSVGGroup>
        <RNSVGRect
          fill={4283256653}
          height={1.66667}
          propList={
            [
              "fill",
              "stroke",
            ]
          }
          rx={0.833333}
          stroke={4283256653}
          width={13.3333}
          x={25.3333}
          y={30.8322}
        />
      </RNSVGGroup>
    </RNSVGSvgView>
  </View>
  <View
    style={
      {
        "alignItems": "center",
        "backgroundColor": "#FFFFFF",
        "borderRadius": 20,
        "justifyContent": "center",
        "paddingVertical": 20,
        "width": 214,
      }
    }
  >
    <View
      accessibilityState={
        {
          "busy": undefined,
          "checked": undefined,
          "disabled": undefined,
          "expanded": undefined,
          "selected": undefined,
        }
      }
      accessibilityValue={
        {
          "max": undefined,
          "min": undefined,
          "now": undefined,
          "text": undefined,
        }
      }
      accessible={true}
      collapsable={false}
      focusable={true}
      onClick={[Function]}
      onResponderGrant={[Function]}
      onResponderMove={[Function]}
      onResponderRelease={[Function]}
      onResponderTerminate={[Function]}
      onResponderTerminationRequest={[Function]}
      onStartShouldSetResponder={[Function]}
      style={
        {
          "display": "flex",
          "flexDirection": "row",
          "justifyContent": "center",
          "opacity": 1,
          "width": "50%",
        }
      }
    >
      <Text
        adjustsFontSizeToFit={true}
        style={
          [
            {
              "fontFamily": "Poppins",
            },
            undefined,
            {
              "color": "#1F1E22",
              "fontSize": 32,
              "fontWeight": "bold",
              "lineHeight": 40,
            },
          ]
        }
      >
        1
      </Text>
    </View>
  </View>
  <View
    accessibilityState={
      {
        "busy": undefined,
        "checked": undefined,
        "disabled": undefined,
        "expanded": undefined,
        "selected": undefined,
      }
    }
    accessibilityValue={
      {
        "max": undefined,
        "min": undefined,
        "now": undefined,
        "text": undefined,
      }
    }
    accessible={true}
    collapsable={false}
    focusable={false}
    onClick={[Function]}
    onResponderGrant={[Function]}
    onResponderMove={[Function]}
    onResponderRelease={[Function]}
    onResponderTerminate={[Function]}
    onResponderTerminationRequest={[Function]}
    onStartShouldSetResponder={[Function]}
    style={
      {
        "opacity": 1,
      }
    }
  >
    <RNSVGSvgView
      align="xMidYMid"
      bbHeight={64}
      bbWidth={64}
      fill="none"
      focusable={false}
      height={64}
      meetOrSlice={0}
      minX={0}
      minY={0}
      style={
        [
          {
            "backgroundColor": "transparent",
            "borderWidth": 0,
          },
          {
            "flex": 0,
            "height": 64,
            "width": 64,
          },
        ]
      }
      vbHeight={64}
      vbWidth={64}
      width={64}
    >
      <RNSVGGroup
        fill={null}
        propList={
          [
            "fill",
          ]
        }
      >
        <RNSVGGroup
          matrix={
            [
              1,
              0,
              0,
              -1,
              16,
              48,
            ]
          }
        >
          <RNSVGCircle
            cx={16}
            cy={16}
            fill={4294967295}
            propList={
              [
                "fill",
              ]
            }
            r={16}
          />
          <RNSVGCircle
            cx={16}
            cy={16}
            propList={
              [
                "stroke",
                "strokeWidth",
              ]
            }
            r={14}
            stroke={4283256653}
            strokeWidth={4}
          />
        </RNSVGGroup>
        <RNSVGPath
          d="M26 32h12m-6-6v12"
          propList={
            [
              "stroke",
              "strokeWidth",
              "strokeLinecap",
            ]
          }
          stroke={4283256653}
          strokeLinecap={1}
          strokeWidth={2}
        />
      </RNSVGGroup>
    </RNSVGSvgView>
  </View>
</View>
`;
