// Jest Snapshot v1, https://goo.gl/fbAQLP

exports[`test main tab bar snapshot test 1`] = `
<View
  style={
    {
      "backgroundColor": "#FFFFFF",
      "flexDirection": "row",
      "height": 100,
      "paddingHorizontal": 20,
    }
  }
>
  <View
    accessibilityRole="button"
    accessibilityState={
      {
        "busy": undefined,
        "checked": undefined,
        "disabled": undefined,
        "expanded": undefined,
        "selected": undefined,
      }
    }
    accessibilityValue={
      {
        "max": undefined,
        "min": undefined,
        "now": undefined,
        "text": undefined,
      }
    }
    accessible={true}
    collapsable={false}
    focusable={true}
    onClick={[Function]}
    onResponderGrant={[Function]}
    onResponderMove={[Function]}
    onResponderRelease={[Function]}
    onResponderTerminate={[Function]}
    onResponderTerminationRequest={[Function]}
    onStartShouldSetResponder={[Function]}
    style={
      {
        "alignContent": "center",
        "flex": 1,
        "justifyContent": "center",
        "opacity": 1,
      }
    }
    testID="Home"
  >
    <View
      style={
        [
          {
            "alignItems": "center",
            "backgroundColor": "transparent",
            "borderRadius": 50,
            "height": 70,
            "justifyContent": "center",
            "marginHorizontal": "auto",
            "width": 70,
          },
          false,
        ]
      }
    >
      <View>
        <RNSVGSvgView
          align="xMidYMid"
          bbHeight={30}
          bbWidth={30}
          fill="none"
          focusable={false}
          height={30}
          meetOrSlice={0}
          minX={0}
          minY={0}
          style={
            [
              {
                "backgroundColor": "transparent",
                "borderWidth": 0,
              },
              {
                "flex": 0,
                "height": 30,
                "width": 30,
              },
            ]
          }
          vbHeight={24}
          vbWidth={24}
          width={30}
          xml="<svg width="24" height="24" viewBox="0 0 24 24" fill="none" xmlns="http://www.w3.org/2000/svg">
<path d="M20.04 9.71903C20.04 9.30482 19.7042 8.96903 19.29 8.96903C18.8758 8.96903 18.54 9.30482 18.54 9.71903H20.04ZM5.45999 9.71903C5.45999 9.30482 5.12421 8.96903 4.70999 8.96903C4.29578 8.96903 3.95999 9.30482 3.95999 9.71903H5.45999ZM14.5132 20.7071L14.3408 19.9772L14.5132 20.7071ZM9.48673 20.7071L9.65916 19.9772L9.48673 20.7071ZM14.8284 5.01423L14.2962 5.54267L14.8284 5.01423ZM20.4678 11.7582C20.7596 12.0521 21.2345 12.0538 21.5284 11.7619C21.8224 11.4701 21.8241 10.9952 21.5322 10.7013L20.4678 11.7582ZM9.17157 5.01423L9.70378 5.54267L9.17157 5.01423ZM2.46779 10.7013C2.17594 10.9952 2.17762 11.4701 2.47155 11.7619C2.76548 12.0538 3.24035 12.0521 3.53221 11.7582L2.46779 10.7013ZM9.71842 18.3203L8.9813 18.1819L8.9813 18.1819L9.71842 18.3203ZM9.73776 18.2173L10.4749 18.3556L10.4749 18.3556L9.73776 18.2173ZM14.2622 18.2173L13.5251 18.3556V18.3556L14.2622 18.2173ZM14.2816 18.3203L15.0187 18.1819V18.1819L14.2816 18.3203ZM13.9918 20.5519L13.3146 20.2296V20.2296L13.9918 20.5519ZM13.1978 20.475C13.0198 20.849 13.1787 21.2965 13.5527 21.4745C13.9267 21.6525 14.3742 21.4936 14.5522 21.1196L13.1978 20.475ZM10.0082 20.5519L9.331 20.8742L9.331 20.8742L10.0082 20.5519ZM9.44778 21.1196C9.62577 21.4936 10.0733 21.6525 10.4473 21.4745C10.8213 21.2965 10.9802 20.849 10.8022 20.475L9.44778 21.1196ZM11.3611 16.4426L11.1605 15.7199H11.1605L11.3611 16.4426ZM12.6389 16.4426L12.8395 15.7199H12.8395L12.6389 16.4426ZM18.54 9.71903V14.6374H20.04V9.71903H18.54ZM5.45999 14.6374V9.71903H3.95999V14.6374H5.45999ZM14.3408 19.9772C12.8011 20.3409 11.1988 20.3409 9.65916 19.9772L9.3143 21.437C11.0808 21.8543 12.9192 21.8543 14.6857 21.437L14.3408 19.9772ZM9.65916 19.9772C7.2026 19.3969 5.45999 17.1877 5.45999 14.6374H3.95999C3.95999 17.8765 6.17421 20.6952 9.3143 21.437L9.65916 19.9772ZM14.6857 21.437C17.8258 20.6952 20.04 17.8765 20.04 14.6374H18.54C18.54 17.1877 16.7974 19.3969 14.3408 19.9772L14.6857 21.437ZM14.2962 5.54267L20.4678 11.7582L21.5322 10.7013L15.3606 4.48578L14.2962 5.54267ZM8.63937 4.48578L2.46779 10.7013L3.53221 11.7582L9.70378 5.54267L8.63937 4.48578ZM15.3606 4.48578C14.7089 3.82945 14.1681 3.28246 13.6818 2.90885C13.1785 2.52211 12.6458 2.25 12 2.25V3.75C12.1827 3.75 12.3974 3.81359 12.7679 4.09826C13.1555 4.39606 13.6146 4.85618 14.2962 5.54267L15.3606 4.48578ZM9.70378 5.54267C10.3854 4.85618 10.8445 4.39606 11.2321 4.09826C11.6026 3.81359 11.8173 3.75 12 3.75V2.25C11.3542 2.25 10.8215 2.52211 10.3182 2.90885C9.83194 3.28246 9.29106 3.82945 8.63937 4.48578L9.70378 5.54267ZM10.4555 18.4587L10.4749 18.3556L9.00064 18.0789L8.9813 18.1819L10.4555 18.4587ZM13.5251 18.3556L13.5445 18.4587L15.0187 18.1819L14.9994 18.0789L13.5251 18.3556ZM13.3146 20.2296L13.1978 20.475L14.5522 21.1196L14.669 20.8742L13.3146 20.2296ZM9.331 20.8742L9.44778 21.1196L10.8022 20.475L10.6854 20.2296L9.331 20.8742ZM13.5445 18.4587C13.6571 19.0588 13.5764 19.6793 13.3146 20.2296L14.669 20.8742C15.0675 20.0369 15.1899 19.0937 15.0187 18.1819L13.5445 18.4587ZM8.9813 18.1819C8.81015 19.0937 8.93254 20.0369 9.331 20.8742L10.6854 20.2296C10.4236 19.6793 10.3429 19.0588 10.4556 18.4587L8.9813 18.1819ZM11.5616 17.1652C11.8485 17.0856 12.1515 17.0856 12.4384 17.1652L12.8395 15.7199C12.2901 15.5674 11.7099 15.5674 11.1605 15.7199L11.5616 17.1652ZM14.9994 18.0789C14.7865 16.9449 13.9504 16.0281 12.8395 15.7199L12.4384 17.1652C12.9935 17.3193 13.417 17.7794 13.5251 18.3556L14.9994 18.0789ZM10.4749 18.3556C10.583 17.7794 11.0065 17.3193 11.5616 17.1652L11.1605 15.7199C10.0496 16.0281 9.21349 16.9449 9.00064 18.0789L10.4749 18.3556Z" fill="#A4AAAF"/>
</svg>
"
          xmlns="http://www.w3.org/2000/svg"
        >
          <RNSVGGroup
            fill={null}
            propList={
              [
                "fill",
              ]
            }
          >
            <RNSVGPath
              d="M20.04 9.71903C20.04 9.30482 19.7042 8.96903 19.29 8.96903C18.8758 8.96903 18.54 9.30482 18.54 9.71903H20.04ZM5.45999 9.71903C5.45999 9.30482 5.12421 8.96903 4.70999 8.96903C4.29578 8.96903 3.95999 9.30482 3.95999 9.71903H5.45999ZM14.5132 20.7071L14.3408 19.9772L14.5132 20.7071ZM9.48673 20.7071L9.65916 19.9772L9.48673 20.7071ZM14.8284 5.01423L14.2962 5.54267L14.8284 5.01423ZM20.4678 11.7582C20.7596 12.0521 21.2345 12.0538 21.5284 11.7619C21.8224 11.4701 21.8241 10.9952 21.5322 10.7013L20.4678 11.7582ZM9.17157 5.01423L9.70378 5.54267L9.17157 5.01423ZM2.46779 10.7013C2.17594 10.9952 2.17762 11.4701 2.47155 11.7619C2.76548 12.0538 3.24035 12.0521 3.53221 11.7582L2.46779 10.7013ZM9.71842 18.3203L8.9813 18.1819L8.9813 18.1819L9.71842 18.3203ZM9.73776 18.2173L10.4749 18.3556L10.4749 18.3556L9.73776 18.2173ZM14.2622 18.2173L13.5251 18.3556V18.3556L14.2622 18.2173ZM14.2816 18.3203L15.0187 18.1819V18.1819L14.2816 18.3203ZM13.9918 20.5519L13.3146 20.2296V20.2296L13.9918 20.5519ZM13.1978 20.475C13.0198 20.849 13.1787 21.2965 13.5527 21.4745C13.9267 21.6525 14.3742 21.4936 14.5522 21.1196L13.1978 20.475ZM10.0082 20.5519L9.331 20.8742L9.331 20.8742L10.0082 20.5519ZM9.44778 21.1196C9.62577 21.4936 10.0733 21.6525 10.4473 21.4745C10.8213 21.2965 10.9802 20.849 10.8022 20.475L9.44778 21.1196ZM11.3611 16.4426L11.1605 15.7199H11.1605L11.3611 16.4426ZM12.6389 16.4426L12.8395 15.7199H12.8395L12.6389 16.4426ZM18.54 9.71903V14.6374H20.04V9.71903H18.54ZM5.45999 14.6374V9.71903H3.95999V14.6374H5.45999ZM14.3408 19.9772C12.8011 20.3409 11.1988 20.3409 9.65916 19.9772L9.3143 21.437C11.0808 21.8543 12.9192 21.8543 14.6857 21.437L14.3408 19.9772ZM9.65916 19.9772C7.2026 19.3969 5.45999 17.1877 5.45999 14.6374H3.95999C3.95999 17.8765 6.17421 20.6952 9.3143 21.437L9.65916 19.9772ZM14.6857 21.437C17.8258 20.6952 20.04 17.8765 20.04 14.6374H18.54C18.54 17.1877 16.7974 19.3969 14.3408 19.9772L14.6857 21.437ZM14.2962 5.54267L20.4678 11.7582L21.5322 10.7013L15.3606 4.48578L14.2962 5.54267ZM8.63937 4.48578L2.46779 10.7013L3.53221 11.7582L9.70378 5.54267L8.63937 4.48578ZM15.3606 4.48578C14.7089 3.82945 14.1681 3.28246 13.6818 2.90885C13.1785 2.52211 12.6458 2.25 12 2.25V3.75C12.1827 3.75 12.3974 3.81359 12.7679 4.09826C13.1555 4.39606 13.6146 4.85618 14.2962 5.54267L15.3606 4.48578ZM9.70378 5.54267C10.3854 4.85618 10.8445 4.39606 11.2321 4.09826C11.6026 3.81359 11.8173 3.75 12 3.75V2.25C11.3542 2.25 10.8215 2.52211 10.3182 2.90885C9.83194 3.28246 9.29106 3.82945 8.63937 4.48578L9.70378 5.54267ZM10.4555 18.4587L10.4749 18.3556L9.00064 18.0789L8.9813 18.1819L10.4555 18.4587ZM13.5251 18.3556L13.5445 18.4587L15.0187 18.1819L14.9994 18.0789L13.5251 18.3556ZM13.3146 20.2296L13.1978 20.475L14.5522 21.1196L14.669 20.8742L13.3146 20.2296ZM9.331 20.8742L9.44778 21.1196L10.8022 20.475L10.6854 20.2296L9.331 20.8742ZM13.5445 18.4587C13.6571 19.0588 13.5764 19.6793 13.3146 20.2296L14.669 20.8742C15.0675 20.0369 15.1899 19.0937 15.0187 18.1819L13.5445 18.4587ZM8.9813 18.1819C8.81015 19.0937 8.93254 20.0369 9.331 20.8742L10.6854 20.2296C10.4236 19.6793 10.3429 19.0588 10.4556 18.4587L8.9813 18.1819ZM11.5616 17.1652C11.8485 17.0856 12.1515 17.0856 12.4384 17.1652L12.8395 15.7199C12.2901 15.5674 11.7099 15.5674 11.1605 15.7199L11.5616 17.1652ZM14.9994 18.0789C14.7865 16.9449 13.9504 16.0281 12.8395 15.7199L12.4384 17.1652C12.9935 17.3193 13.417 17.7794 13.5251 18.3556L14.9994 18.0789ZM10.4749 18.3556C10.583 17.7794 11.0065 17.3193 11.5616 17.1652L11.1605 15.7199C10.0496 16.0281 9.21349 16.9449 9.00064 18.0789L10.4749 18.3556Z"
              fill={4288981679}
              propList={
                [
                  "fill",
                ]
              }
            />
          </RNSVGGroup>
        </RNSVGSvgView>
      </View>
      <Text
        adjustsFontSizeToFit={true}
        style={
          [
            {
              "fontFamily": "Poppins",
            },
            {
              "fontWeight": 500,
              "marginTop": 5,
              "textAlign": "center",
            },
            {
              "color": "#A4AAAF",
              "fontSize": undefined,
              "fontWeight": undefined,
              "lineHeight": undefined,
            },
          ]
        }
      >
        Home
      </Text>
    </View>
  </View>
  <View
    accessibilityRole="button"
    accessibilityState={
      {
        "busy": undefined,
        "checked": undefined,
        "disabled": undefined,
        "expanded": undefined,
        "selected": true,
      }
    }
    accessibilityValue={
      {
        "max": undefined,
        "min": undefined,
        "now": undefined,
        "text": undefined,
      }
    }
    accessible={true}
    collapsable={false}
    focusable={true}
    onClick={[Function]}
    onResponderGrant={[Function]}
    onResponderMove={[Function]}
    onResponderRelease={[Function]}
    onResponderTerminate={[Function]}
    onResponderTerminationRequest={[Function]}
    onStartShouldSetResponder={[Function]}
    style={
      {
        "alignContent": "center",
        "flex": 1,
        "justifyContent": "center",
        "opacity": 1,
      }
    }
    testID="Chat"
  >
    <View
      style={
        [
          {
            "alignItems": "center",
            "backgroundColor": "transparent",
            "borderRadius": 50,
            "height": 70,
            "justifyContent": "center",
            "marginHorizontal": "auto",
            "width": 70,
          },
          {
            "backgroundColor": "#FAFAFF",
          },
        ]
      }
    >
      <View>
        <RNSVGSvgView
          align="xMidYMid"
          bbHeight={30}
          bbWidth={30}
          fill="none"
          focusable={false}
          height={30}
          meetOrSlice={0}
          minX={0}
          minY={0}
          style={
            [
              {
                "backgroundColor": "transparent",
                "borderWidth": 0,
              },
              {
                "flex": 0,
                "height": 30,
                "width": 30,
              },
            ]
          }
          vbHeight={20}
          vbWidth={20}
          width={30}
          xml="<svg width="20" height="20" viewBox="0 0 20 20" fill="none" xmlns="http://www.w3.org/2000/svg">
<path d="M2.68015 6.50289C3.28265 3.93436 5.28818 1.92883 7.85671 1.32634C9.71167 0.891221 11.6422 0.891221 13.4971 1.32634C16.0656 1.92883 18.0712 3.93436 18.6737 6.50289C19.1088 8.35785 19.1088 10.2883 18.6737 12.1433C18.0712 14.7118 16.0656 16.7174 13.4971 17.3198C11.6422 17.755 9.71167 17.755 7.85671 17.3198C5.28818 16.7174 3.28265 14.7118 2.68015 12.1433C2.24504 10.2883 2.24504 8.35785 2.68015 6.50289Z" fill="#72996B" fill-opacity="0.24"/>
<path d="M3.36113 13.9135C2.04127 14.0085 1 15.1094 1 16.4534C1 17.8599 2.14013 19 3.54655 19C4.89062 19 5.99149 17.9587 6.08646 16.6389C4.93987 16.006 3.99403 15.0601 3.36113 13.9135Z" fill="#72996B" fill-opacity="0.24"/>
<path d="M2.68015 12.1433L3.41033 11.972L2.68015 12.1433ZM2.68015 6.50289L1.94997 6.33161L2.68015 6.50289ZM18.6737 6.50289L17.9435 6.67417L18.6737 6.50289ZM18.6737 12.1433L19.4038 12.3146L18.6737 12.1433ZM13.4971 17.3198L13.3258 16.5897L13.4971 17.3198ZM7.85671 17.3198L8.02799 16.5897L7.85671 17.3198ZM7.85671 1.32634L8.02798 2.05652L7.85671 1.32634ZM13.4971 1.32634L13.3258 2.05652L13.4971 1.32634ZM3.36113 13.9135L4.01774 13.5511L3.78588 13.131L3.3073 13.1655L3.36113 13.9135ZM6.08646 16.6389L6.83453 16.6927L6.86896 16.2141L6.4489 15.9823L6.08646 16.6389ZM7.11173 7.04516C6.69752 7.04516 6.36173 7.38095 6.36173 7.79516C6.36173 8.20937 6.69752 8.54516 7.11173 8.54516V7.04516ZM10.1676 8.54516C10.5818 8.54516 10.9176 8.20937 10.9176 7.79516C10.9176 7.38095 10.5818 7.04516 10.1676 7.04516V8.54516ZM8.13035 10.101C7.71614 10.101 7.38035 10.4368 7.38035 10.851C7.38035 11.2652 7.71614 11.601 8.13035 11.601V10.101ZM13.2235 11.601C13.6377 11.601 13.9735 11.2652 13.9735 10.851C13.9735 10.4368 13.6377 10.101 13.2235 10.101V11.601ZM3.41033 11.972C3.00164 10.2297 3.00164 8.41647 3.41033 6.67416L1.94997 6.33161C1.48843 8.29923 1.48843 10.347 1.94997 12.3146L3.41033 11.972ZM17.9435 6.67417C18.3522 8.41647 18.3522 10.2297 17.9435 11.972L19.4038 12.3146C19.8654 10.347 19.8654 8.29923 19.4038 6.33161L17.9435 6.67417ZM13.3258 16.5897C11.5835 16.9984 9.77029 16.9984 8.02799 16.5897L7.68543 18.05C9.65305 18.5116 11.7008 18.5116 13.6684 18.05L13.3258 16.5897ZM8.02798 2.05652C9.77029 1.64783 11.5835 1.64783 13.3258 2.05652L13.6684 0.596155C11.7008 0.134615 9.65305 0.134615 7.68543 0.596155L8.02798 2.05652ZM8.02799 16.5897C5.73677 16.0522 3.94778 14.2632 3.41033 11.972L1.94997 12.3146C2.61752 15.1604 4.83958 17.3825 7.68543 18.05L8.02799 16.5897ZM13.6684 18.05C16.5142 17.3825 18.7363 15.1604 19.4038 12.3146L17.9435 11.972C17.406 14.2632 15.617 16.0522 13.3258 16.5897L13.6684 18.05ZM13.3258 2.05652C15.617 2.59396 17.406 4.38296 17.9435 6.67417L19.4038 6.33161C18.7363 3.48577 16.5142 1.2637 13.6684 0.596155L13.3258 2.05652ZM7.68543 0.596155C4.83958 1.2637 2.61752 3.48576 1.94997 6.33161L3.41033 6.67416C3.94778 4.38295 5.73677 2.59396 8.02798 2.05652L7.68543 0.596155ZM3.3073 13.1655C1.59798 13.2885 0.25 14.7132 0.25 16.4534H1.75C1.75 15.5056 2.48457 14.7286 3.41496 14.6616L3.3073 13.1655ZM0.25 16.4534C0.25 18.2741 1.72592 19.75 3.54655 19.75V18.25C2.55435 18.25 1.75 17.4457 1.75 16.4534H0.25ZM3.54655 19.75C5.2868 19.75 6.71153 18.402 6.83453 16.6927L5.33839 16.585C5.27144 17.5154 4.49445 18.25 3.54655 18.25V19.75ZM6.4489 15.9823C5.42615 15.4177 4.58229 14.5738 4.01774 13.5511L2.70452 14.276C3.40578 15.5464 4.4536 16.5942 5.72402 17.2955L6.4489 15.9823ZM7.11173 8.54516H10.1676V7.04516H7.11173V8.54516ZM8.13035 11.601H13.2235V10.101H8.13035V11.601Z" fill="#72996B"/>
</svg>
"
          xmlns="http://www.w3.org/2000/svg"
        >
          <RNSVGGroup
            fill={null}
            propList={
              [
                "fill",
              ]
            }
          >
            <RNSVGPath
              d="M2.68015 6.50289C3.28265 3.93436 5.28818 1.92883 7.85671 1.32634C9.71167 0.891221 11.6422 0.891221 13.4971 1.32634C16.0656 1.92883 18.0712 3.93436 18.6737 6.50289C19.1088 8.35785 19.1088 10.2883 18.6737 12.1433C18.0712 14.7118 16.0656 16.7174 13.4971 17.3198C11.6422 17.755 9.71167 17.755 7.85671 17.3198C5.28818 16.7174 3.28265 14.7118 2.68015 12.1433C2.24504 10.2883 2.24504 8.35785 2.68015 6.50289Z"
              fill={4285700459}
              fillOpacity={0.24}
              propList={
                [
                  "fill",
                  "fillOpacity",
                ]
              }
            />
            <RNSVGPath
              d="M3.36113 13.9135C2.04127 14.0085 1 15.1094 1 16.4534C1 17.8599 2.14013 19 3.54655 19C4.89062 19 5.99149 17.9587 6.08646 16.6389C4.93987 16.006 3.99403 15.0601 3.36113 13.9135Z"
              fill={4285700459}
              fillOpacity={0.24}
              propList={
                [
                  "fill",
                  "fillOpacity",
                ]
              }
            />
            <RNSVGPath
              d="M2.68015 12.1433L3.41033 11.972L2.68015 12.1433ZM2.68015 6.50289L1.94997 6.33161L2.68015 6.50289ZM18.6737 6.50289L17.9435 6.67417L18.6737 6.50289ZM18.6737 12.1433L19.4038 12.3146L18.6737 12.1433ZM13.4971 17.3198L13.3258 16.5897L13.4971 17.3198ZM7.85671 17.3198L8.02799 16.5897L7.85671 17.3198ZM7.85671 1.32634L8.02798 2.05652L7.85671 1.32634ZM13.4971 1.32634L13.3258 2.05652L13.4971 1.32634ZM3.36113 13.9135L4.01774 13.5511L3.78588 13.131L3.3073 13.1655L3.36113 13.9135ZM6.08646 16.6389L6.83453 16.6927L6.86896 16.2141L6.4489 15.9823L6.08646 16.6389ZM7.11173 7.04516C6.69752 7.04516 6.36173 7.38095 6.36173 7.79516C6.36173 8.20937 6.69752 8.54516 7.11173 8.54516V7.04516ZM10.1676 8.54516C10.5818 8.54516 10.9176 8.20937 10.9176 7.79516C10.9176 7.38095 10.5818 7.04516 10.1676 7.04516V8.54516ZM8.13035 10.101C7.71614 10.101 7.38035 10.4368 7.38035 10.851C7.38035 11.2652 7.71614 11.601 8.13035 11.601V10.101ZM13.2235 11.601C13.6377 11.601 13.9735 11.2652 13.9735 10.851C13.9735 10.4368 13.6377 10.101 13.2235 10.101V11.601ZM3.41033 11.972C3.00164 10.2297 3.00164 8.41647 3.41033 6.67416L1.94997 6.33161C1.48843 8.29923 1.48843 10.347 1.94997 12.3146L3.41033 11.972ZM17.9435 6.67417C18.3522 8.41647 18.3522 10.2297 17.9435 11.972L19.4038 12.3146C19.8654 10.347 19.8654 8.29923 19.4038 6.33161L17.9435 6.67417ZM13.3258 16.5897C11.5835 16.9984 9.77029 16.9984 8.02799 16.5897L7.68543 18.05C9.65305 18.5116 11.7008 18.5116 13.6684 18.05L13.3258 16.5897ZM8.02798 2.05652C9.77029 1.64783 11.5835 1.64783 13.3258 2.05652L13.6684 0.596155C11.7008 0.134615 9.65305 0.134615 7.68543 0.596155L8.02798 2.05652ZM8.02799 16.5897C5.73677 16.0522 3.94778 14.2632 3.41033 11.972L1.94997 12.3146C2.61752 15.1604 4.83958 17.3825 7.68543 18.05L8.02799 16.5897ZM13.6684 18.05C16.5142 17.3825 18.7363 15.1604 19.4038 12.3146L17.9435 11.972C17.406 14.2632 15.617 16.0522 13.3258 16.5897L13.6684 18.05ZM13.3258 2.05652C15.617 2.59396 17.406 4.38296 17.9435 6.67417L19.4038 6.33161C18.7363 3.48577 16.5142 1.2637 13.6684 0.596155L13.3258 2.05652ZM7.68543 0.596155C4.83958 1.2637 2.61752 3.48576 1.94997 6.33161L3.41033 6.67416C3.94778 4.38295 5.73677 2.59396 8.02798 2.05652L7.68543 0.596155ZM3.3073 13.1655C1.59798 13.2885 0.25 14.7132 0.25 16.4534H1.75C1.75 15.5056 2.48457 14.7286 3.41496 14.6616L3.3073 13.1655ZM0.25 16.4534C0.25 18.2741 1.72592 19.75 3.54655 19.75V18.25C2.55435 18.25 1.75 17.4457 1.75 16.4534H0.25ZM3.54655 19.75C5.2868 19.75 6.71153 18.402 6.83453 16.6927L5.33839 16.585C5.27144 17.5154 4.49445 18.25 3.54655 18.25V19.75ZM6.4489 15.9823C5.42615 15.4177 4.58229 14.5738 4.01774 13.5511L2.70452 14.276C3.40578 15.5464 4.4536 16.5942 5.72402 17.2955L6.4489 15.9823ZM7.11173 8.54516H10.1676V7.04516H7.11173V8.54516ZM8.13035 11.601H13.2235V10.101H8.13035V11.601Z"
              fill={4285700459}
              propList={
                [
                  "fill",
                ]
              }
            />
          </RNSVGGroup>
        </RNSVGSvgView>
      </View>
      <Text
        adjustsFontSizeToFit={true}
        style={
          [
            {
              "fontFamily": "Poppins",
            },
            {
              "fontWeight": 500,
              "marginTop": 5,
              "textAlign": "center",
            },
            {
              "color": "#4D4F4D",
              "fontSize": undefined,
              "fontWeight": undefined,
              "lineHeight": undefined,
            },
          ]
        }
      >
        Chat
      </Text>
    </View>
  </View>
  <View
    accessibilityRole="button"
    accessibilityState={
      {
        "busy": undefined,
        "checked": undefined,
        "disabled": undefined,
        "expanded": undefined,
        "selected": undefined,
      }
    }
    accessibilityValue={
      {
        "max": undefined,
        "min": undefined,
        "now": undefined,
        "text": undefined,
      }
    }
    accessible={true}
    collapsable={false}
    focusable={true}
    onClick={[Function]}
    onResponderGrant={[Function]}
    onResponderMove={[Function]}
    onResponderRelease={[Function]}
    onResponderTerminate={[Function]}
    onResponderTerminationRequest={[Function]}
    onStartShouldSetResponder={[Function]}
    style={
      {
        "alignContent": "center",
        "flex": 1,
        "justifyContent": "center",
        "opacity": 1,
      }
    }
    testID="Plus"
  >
    <View
      style={
        [
          {
            "alignItems": "center",
            "backgroundColor": "transparent",
            "borderRadius": 50,
            "height": 70,
            "justifyContent": "center",
            "marginHorizontal": "auto",
            "width": 70,
          },
          false,
        ]
      }
    >
      <View
        style={
          {
            "alignItems": "center",
            "backgroundColor": "#72996B",
            "borderRadius": 26,
            "height": 52,
            "justifyContent": "center",
            "marginBottom": 5,
            "width": 52,
          }
        }
      >
        <RNSVGSvgView
          align="xMidYMid"
          bbHeight={12}
          bbWidth={12}
          fill="none"
          focusable={false}
          height={12}
          meetOrSlice={0}
          minX={0}
          minY={0}
          style={
            [
              {
                "backgroundColor": "transparent",
                "borderWidth": 0,
              },
              {
                "height": "auto",
                "width": "auto",
              },
              {
                "flex": 0,
                "height": 12,
                "width": 12,
              },
            ]
          }
          vbHeight={14}
          vbWidth={14}
          width={12}
        >
          <RNSVGGroup
            fill={null}
            propList={
              [
                "fill",
              ]
            }
          >
            <RNSVGPath
              d="M1 7H13M7 1V13"
              propList={
                [
                  "stroke",
                  "strokeWidth",
                  "strokeLinecap",
                ]
              }
              stroke={4294967295}
              strokeLinecap={1}
              strokeWidth={2}
            />
          </RNSVGGroup>
        </RNSVGSvgView>
      </View>
    </View>
  </View>
  <View
    accessibilityRole="button"
    accessibilityState={
      {
        "busy": undefined,
        "checked": undefined,
        "disabled": undefined,
        "expanded": undefined,
        "selected": undefined,
      }
    }
    accessibilityValue={
      {
        "max": undefined,
        "min": undefined,
        "now": undefined,
        "text": undefined,
      }
    }
    accessible={true}
    collapsable={false}
    focusable={true}
    onClick={[Function]}
    onResponderGrant={[Function]}
    onResponderMove={[Function]}
    onResponderRelease={[Function]}
    onResponderTerminate={[Function]}
    onResponderTerminationRequest={[Function]}
    onStartShouldSetResponder={[Function]}
    style={
      {
        "alignContent": "center",
        "flex": 1,
        "justifyContent": "center",
        "opacity": 1,
      }
    }
    testID="Journey"
  >
    <View
      style={
        [
          {
            "alignItems": "center",
            "backgroundColor": "transparent",
            "borderRadius": 50,
            "height": 70,
            "justifyContent": "center",
            "marginHorizontal": "auto",
            "width": 70,
          },
          false,
        ]
      }
    >
      <View>
        <RNSVGSvgView
          align="xMidYMid"
          bbHeight={30}
          bbWidth={30}
          fill="none"
          focusable={false}
          height={30}
          meetOrSlice={0}
          minX={0}
          minY={0}
          style={
            [
              {
                "backgroundColor": "transparent",
                "borderWidth": 0,
              },
              {
                "flex": 0,
                "height": 30,
                "width": 30,
              },
            ]
          }
          vbHeight={24}
          vbWidth={24}
          width={30}
          xml="<svg width="24" height="24" viewBox="0 0 24 24" fill="none" xmlns="http://www.w3.org/2000/svg">
<path d="M3.35288 15.0496L2.6227 15.2209L3.35288 15.0496ZM3.35288 8.95043L2.6227 8.77915L3.35288 8.95043ZM20.6471 8.95044L19.9169 9.12171L20.6471 8.95044ZM20.6471 15.0496L19.9169 14.8783L20.6471 15.0496ZM15.0496 20.6471L14.8783 19.9169L15.0496 20.6471ZM8.95044 20.6471L9.12171 19.9169L8.95044 20.6471ZM8.95043 3.35288L9.12171 4.08306L8.95043 3.35288ZM15.0496 3.35288L14.8783 4.08306L15.0496 3.35288ZM7.8491 8.86899C7.55621 8.5761 7.08134 8.5761 6.78844 8.86899C6.49555 9.16188 6.49555 9.63676 6.78844 9.92965L7.8491 8.86899ZM8.35904 10.4396L7.82871 10.9699C8.12161 11.2628 8.59648 11.2628 8.88937 10.9699L8.35904 10.4396ZM10.9699 8.88938C11.2628 8.59648 11.2628 8.12161 10.9699 7.82872C10.677 7.53582 10.2022 7.53582 9.90926 7.82872L10.9699 8.88938ZM13.0403 9.16946C12.6261 9.16946 12.2903 9.50524 12.2903 9.91946C12.2903 10.3337 12.6261 10.6695 13.0403 10.6695V9.16946ZM16.6812 10.6695C17.0954 10.6695 17.4312 10.3337 17.4312 9.91946C17.4312 9.50524 17.0954 9.16946 16.6812 9.16946V10.6695ZM7.8491 14.0704C7.55621 13.7775 7.08134 13.7775 6.78844 14.0704C6.49555 14.3632 6.49555 14.8381 6.78844 15.131L7.8491 14.0704ZM8.35904 15.641L7.82871 16.1713C8.12161 16.4642 8.59648 16.4642 8.88937 16.1713L8.35904 15.641ZM10.9699 14.0907C11.2628 13.7978 11.2628 13.323 10.9699 13.0301C10.677 12.7372 10.2022 12.7372 9.90926 13.0301L10.9699 14.0907ZM13.0403 14.3708C12.6261 14.3708 12.2903 14.7066 12.2903 15.1208C12.2903 15.535 12.6261 15.8708 13.0403 15.8708V14.3708ZM16.6812 15.8708C17.0954 15.8708 17.4312 15.535 17.4312 15.1208C17.4312 14.7066 17.0954 14.3708 16.6812 14.3708V15.8708ZM4.08306 14.8783C3.63898 12.9851 3.63898 11.0149 4.08306 9.12171L2.6227 8.77915C2.12577 10.8976 2.12577 13.1024 2.6227 15.2209L4.08306 14.8783ZM19.9169 9.12171C20.361 11.0149 20.361 12.9851 19.9169 14.8783L21.3773 15.2208C21.8742 13.1024 21.8742 10.8976 21.3773 8.77916L19.9169 9.12171ZM14.8783 19.9169C12.9851 20.361 11.0149 20.361 9.12171 19.9169L8.77916 21.3773C10.8976 21.8742 13.1024 21.8742 15.2208 21.3773L14.8783 19.9169ZM9.12171 4.08306C11.0149 3.63898 12.9851 3.63898 14.8783 4.08306L15.2208 2.6227C13.1024 2.12577 10.8976 2.12577 8.77916 2.6227L9.12171 4.08306ZM9.12171 19.9169C6.62161 19.3305 4.6695 17.3784 4.08306 14.8783L2.6227 15.2209C3.33924 18.2756 5.72441 20.6608 8.77916 21.3773L9.12171 19.9169ZM15.2208 21.3773C18.2756 20.6608 20.6608 18.2756 21.3773 15.2208L19.9169 14.8783C19.3305 17.3784 17.3784 19.3305 14.8783 19.9169L15.2208 21.3773ZM14.8783 4.08306C17.3784 4.6695 19.3305 6.62161 19.9169 9.12171L21.3773 8.77916C20.6608 5.72441 18.2756 3.33924 15.2208 2.6227L14.8783 4.08306ZM8.77916 2.6227C5.72441 3.33924 3.33924 5.72441 2.6227 8.77915L4.08306 9.12171C4.6695 6.6216 6.62161 4.6695 9.12171 4.08306L8.77916 2.6227ZM6.78844 9.92965L7.82871 10.9699L8.88937 9.90926L7.8491 8.86899L6.78844 9.92965ZM8.88937 10.9699L10.9699 8.88938L9.90926 7.82872L7.82871 9.90926L8.88937 10.9699ZM13.0403 10.6695H16.6812V9.16946H13.0403V10.6695ZM6.78844 15.131L7.82871 16.1713L8.88937 15.1106L7.8491 14.0704L6.78844 15.131ZM8.88937 16.1713L10.9699 14.0907L9.90926 13.0301L7.82871 15.1106L8.88937 16.1713ZM13.0403 15.8708H16.6812V14.3708H13.0403V15.8708Z" fill="#A4AAAF"/>
</svg>
"
          xmlns="http://www.w3.org/2000/svg"
        >
          <RNSVGGroup
            fill={null}
            propList={
              [
                "fill",
              ]
            }
          >
            <RNSVGPath
              d="M3.35288 15.0496L2.6227 15.2209L3.35288 15.0496ZM3.35288 8.95043L2.6227 8.77915L3.35288 8.95043ZM20.6471 8.95044L19.9169 9.12171L20.6471 8.95044ZM20.6471 15.0496L19.9169 14.8783L20.6471 15.0496ZM15.0496 20.6471L14.8783 19.9169L15.0496 20.6471ZM8.95044 20.6471L9.12171 19.9169L8.95044 20.6471ZM8.95043 3.35288L9.12171 4.08306L8.95043 3.35288ZM15.0496 3.35288L14.8783 4.08306L15.0496 3.35288ZM7.8491 8.86899C7.55621 8.5761 7.08134 8.5761 6.78844 8.86899C6.49555 9.16188 6.49555 9.63676 6.78844 9.92965L7.8491 8.86899ZM8.35904 10.4396L7.82871 10.9699C8.12161 11.2628 8.59648 11.2628 8.88937 10.9699L8.35904 10.4396ZM10.9699 8.88938C11.2628 8.59648 11.2628 8.12161 10.9699 7.82872C10.677 7.53582 10.2022 7.53582 9.90926 7.82872L10.9699 8.88938ZM13.0403 9.16946C12.6261 9.16946 12.2903 9.50524 12.2903 9.91946C12.2903 10.3337 12.6261 10.6695 13.0403 10.6695V9.16946ZM16.6812 10.6695C17.0954 10.6695 17.4312 10.3337 17.4312 9.91946C17.4312 9.50524 17.0954 9.16946 16.6812 9.16946V10.6695ZM7.8491 14.0704C7.55621 13.7775 7.08134 13.7775 6.78844 14.0704C6.49555 14.3632 6.49555 14.8381 6.78844 15.131L7.8491 14.0704ZM8.35904 15.641L7.82871 16.1713C8.12161 16.4642 8.59648 16.4642 8.88937 16.1713L8.35904 15.641ZM10.9699 14.0907C11.2628 13.7978 11.2628 13.323 10.9699 13.0301C10.677 12.7372 10.2022 12.7372 9.90926 13.0301L10.9699 14.0907ZM13.0403 14.3708C12.6261 14.3708 12.2903 14.7066 12.2903 15.1208C12.2903 15.535 12.6261 15.8708 13.0403 15.8708V14.3708ZM16.6812 15.8708C17.0954 15.8708 17.4312 15.535 17.4312 15.1208C17.4312 14.7066 17.0954 14.3708 16.6812 14.3708V15.8708ZM4.08306 14.8783C3.63898 12.9851 3.63898 11.0149 4.08306 9.12171L2.6227 8.77915C2.12577 10.8976 2.12577 13.1024 2.6227 15.2209L4.08306 14.8783ZM19.9169 9.12171C20.361 11.0149 20.361 12.9851 19.9169 14.8783L21.3773 15.2208C21.8742 13.1024 21.8742 10.8976 21.3773 8.77916L19.9169 9.12171ZM14.8783 19.9169C12.9851 20.361 11.0149 20.361 9.12171 19.9169L8.77916 21.3773C10.8976 21.8742 13.1024 21.8742 15.2208 21.3773L14.8783 19.9169ZM9.12171 4.08306C11.0149 3.63898 12.9851 3.63898 14.8783 4.08306L15.2208 2.6227C13.1024 2.12577 10.8976 2.12577 8.77916 2.6227L9.12171 4.08306ZM9.12171 19.9169C6.62161 19.3305 4.6695 17.3784 4.08306 14.8783L2.6227 15.2209C3.33924 18.2756 5.72441 20.6608 8.77916 21.3773L9.12171 19.9169ZM15.2208 21.3773C18.2756 20.6608 20.6608 18.2756 21.3773 15.2208L19.9169 14.8783C19.3305 17.3784 17.3784 19.3305 14.8783 19.9169L15.2208 21.3773ZM14.8783 4.08306C17.3784 4.6695 19.3305 6.62161 19.9169 9.12171L21.3773 8.77916C20.6608 5.72441 18.2756 3.33924 15.2208 2.6227L14.8783 4.08306ZM8.77916 2.6227C5.72441 3.33924 3.33924 5.72441 2.6227 8.77915L4.08306 9.12171C4.6695 6.6216 6.62161 4.6695 9.12171 4.08306L8.77916 2.6227ZM6.78844 9.92965L7.82871 10.9699L8.88937 9.90926L7.8491 8.86899L6.78844 9.92965ZM8.88937 10.9699L10.9699 8.88938L9.90926 7.82872L7.82871 9.90926L8.88937 10.9699ZM13.0403 10.6695H16.6812V9.16946H13.0403V10.6695ZM6.78844 15.131L7.82871 16.1713L8.88937 15.1106L7.8491 14.0704L6.78844 15.131ZM8.88937 16.1713L10.9699 14.0907L9.90926 13.0301L7.82871 15.1106L8.88937 16.1713ZM13.0403 15.8708H16.6812V14.3708H13.0403V15.8708Z"
              fill={4288981679}
              propList={
                [
                  "fill",
                ]
              }
            />
          </RNSVGGroup>
        </RNSVGSvgView>
      </View>
      <Text
        adjustsFontSizeToFit={true}
        style={
          [
            {
              "fontFamily": "Poppins",
            },
            {
              "fontWeight": 500,
              "marginTop": 5,
              "textAlign": "center",
            },
            {
              "color": "#A4AAAF",
              "fontSize": undefined,
              "fontWeight": undefined,
              "lineHeight": undefined,
            },
          ]
        }
      >
        Journey
      </Text>
    </View>
  </View>
  <View
    accessibilityRole="button"
    accessibilityState={
      {
        "busy": undefined,
        "checked": undefined,
        "disabled": undefined,
        "expanded": undefined,
        "selected": undefined,
      }
    }
    accessibilityValue={
      {
        "max": undefined,
        "min": undefined,
        "now": undefined,
        "text": undefined,
      }
    }
    accessible={true}
    collapsable={false}
    focusable={true}
    onClick={[Function]}
    onResponderGrant={[Function]}
    onResponderMove={[Function]}
    onResponderRelease={[Function]}
    onResponderTerminate={[Function]}
    onResponderTerminationRequest={[Function]}
    onStartShouldSetResponder={[Function]}
    style={
      {
        "alignContent": "center",
        "flex": 1,
        "justifyContent": "center",
        "opacity": 1,
      }
    }
    testID="Me"
  >
    <View
      style={
        [
          {
            "alignItems": "center",
            "backgroundColor": "transparent",
            "borderRadius": 50,
            "height": 70,
            "justifyContent": "center",
            "marginHorizontal": "auto",
            "width": 70,
          },
          false,
        ]
      }
    >
      <View>
        <View
          accessibilityState={
            {
              "busy": undefined,
              "checked": undefined,
              "disabled": true,
              "expanded": undefined,
              "selected": undefined,
            }
          }
          accessibilityValue={
            {
              "max": undefined,
              "min": undefined,
              "now": undefined,
              "text": undefined,
            }
          }
          accessible={true}
          collapsable={false}
          focusable={false}
          onClick={[Function]}
          onResponderGrant={[Function]}
          onResponderMove={[Function]}
          onResponderRelease={[Function]}
          onResponderTerminate={[Function]}
          onResponderTerminationRequest={[Function]}
          onStartShouldSetResponder={[Function]}
          style={
            {
              "opacity": 1,
            }
          }
        >
          <Image
            source={
              {
                "testUri": "../../../src/assets/images/default_avatar.jpg",
              }
            }
            style={
              {
                "borderRadius": 50,
                "height": 30,
                "width": 30,
              }
            }
          />
        </View>
      </View>
      <Text
        adjustsFontSizeToFit={true}
        style={
          [
            {
              "fontFamily": "Poppins",
            },
            {
              "fontWeight": 500,
              "marginTop": 5,
              "textAlign": "center",
            },
            {
              "color": "#A4AAAF",
              "fontSize": undefined,
              "fontWeight": undefined,
              "lineHeight": undefined,
            },
          ]
        }
      >
        Me
      </Text>
    </View>
  </View>
</View>
`;
