// Jest Snapshot v1, https://goo.gl/fbAQLP

exports[`renders correctly 1`] = `
<RCTSafeAreaView
  emulateUnlessSupported={true}
  style={
    Object {
      "backgroundColor": "#FFFFFF",
      "flex": 1,
    }
  }
>
  <View>
    <View
      accessibilityState={
        Object {
          "disabled": true,
        }
      }
      accessible={true}
      collapsable={false}
      focusable={true}
      onClick={[Function]}
      onResponderGrant={[Function]}
      onResponderMove={[Function]}
      onResponderRelease={[Function]}
      onResponderTerminate={[Function]}
      onResponderTerminationRequest={[Function]}
      onStartShouldSetResponder={[Function]}
      style={
        Object {
          "alignItems": "center",
          "backgroundColor": "#FFFFFF",
          "flexDirection": "row",
          "justifyContent": "center",
          "opacity": 1,
          "paddingBottom": 22,
          "paddingHorizontal": 19,
          "paddingTop": 10,
        }
      }
    >
      <View
        style={
          Object {
            "alignItems": "flex-start",
            "width": "80%",
          }
        }
      >
        <Text
          adjustsFontSizeToFit={true}
          style={
            Array [
              Object {
                "fontFamily": "Poppins",
              },
              undefined,
              Object {
                "color": "#4D4F4D",
                "fontSize": 24,
                "fontWeight": "700",
                "lineHeight": 32,
              },
            ]
          }
          testID="title"
        >
          Me
        </Text>
      </View>
      <View
        style={
          Object {
            "alignItems": "flex-end",
            "width": "20%",
          }
        }
      >
        <View
          accessible={true}
          collapsable={false}
          focusable={true}
          onClick={[Function]}
          onResponderGrant={[Function]}
          onResponderMove={[Function]}
          onResponderRelease={[Function]}
          onResponderTerminate={[Function]}
          onResponderTerminationRequest={[Function]}
          onStartShouldSetResponder={[Function]}
          style={
            Object {
              "alignItems": "center",
              "backgroundColor": "#D3E29F40",
              "borderRadius": 100,
              "height": 48,
              "justifyContent": "center",
              "margin": 0,
              "opacity": 1,
              "paddingHorizontal": 15.5,
              "paddingVertical": 24,
              "width": 48,
            }
          }
          testID="rightButton"
        >
          <RNSVGSvgView
            align="xMidYMid"
            bbHeight={24}
            bbWidth={24}
            fill="none"
            focusable={false}
            height={24}
            meetOrSlice={0}
            minX={0}
            minY={0}
            style={
              Array [
                Object {
                  "backgroundColor": "transparent",
                  "borderWidth": 0,
                },
                Object {
                  "flex": 0,
                  "height": 24,
                  "width": 24,
                },
              ]
            }
            vbHeight={24}
            vbWidth={24}
            width={24}
          >
            <RNSVGGroup
              fill={null}
              propList={
                Array [
                  "fill",
                ]
              }
            >
              <RNSVGPath
                d="M20.1 9.22C18.29 9.22 17.55 7.94 18.45 6.37C18.97 5.46 18.66 4.3 17.75 3.78L16.02 2.79C15.23 2.32 14.21 2.6 13.74 3.39L13.63 3.58C12.73 5.15 11.25 5.15 10.34 3.58L10.23 3.39C9.78 2.6 8.76 2.32 7.97 2.79L6.24 3.78C5.33 4.3 5.02 5.47 5.54 6.38C6.45 7.94 5.71 9.22 3.9 9.22C2.86 9.22 2 10.07 2 11.12V12.88C2 13.92 2.85 14.78 3.9 14.78C5.71 14.78 6.45 16.06 5.54 17.63C5.02 18.54 5.33 19.7 6.24 20.22L7.97 21.21C8.76 21.68 9.78 21.4 10.25 20.61L10.36 20.42C11.26 18.85 12.74 18.85 13.65 20.42L13.76 20.61C14.23 21.4 15.25 21.68 16.04 21.21L17.77 20.22C18.68 19.7 18.99 18.53 18.47 17.63C17.56 16.06 18.3 14.78 20.11 14.78C21.15 14.78 22.01 13.93 22.01 12.88V11.12C22 10.08 21.15 9.22 20.1 9.22ZM12 15.25C10.21 15.25 8.75 13.79 8.75 12C8.75 10.21 10.21 8.75 12 8.75C13.79 8.75 15.25 10.21 15.25 12C15.25 13.79 13.79 15.25 12 15.25Z"
                fill={4285700459}
                fillOpacity={0.24}
                propList={
                  Array [
                    "fill",
                    "fillOpacity",
                  ]
                }
              />
              <RNSVGPath
                d="M12 15.75C9.93 15.75 8.25 14.07 8.25 12C8.25 9.93 9.93 8.25 12 8.25C14.07 8.25 15.75 9.93 15.75 12C15.75 14.07 14.07 15.75 12 15.75ZM12 9.75C10.76 9.75 9.75 10.76 9.75 12C9.75 13.24 10.76 14.25 12 14.25C13.24 14.25 14.25 13.24 14.25 12C14.25 10.76 13.24 9.75 12 9.75Z"
                fill={4285700459}
                propList={
                  Array [
                    "fill",
                  ]
                }
              />
              <RNSVGPath
                d="M15.21 22.19C15 22.19 14.79 22.16 14.58 22.11C13.96 21.94 13.44 21.55 13.11 21L12.99 20.8C12.4 19.78 11.59 19.78 11 20.8L10.89 20.99C10.56 21.55 10.04 21.95 9.42 22.11C8.79 22.28 8.14 22.19 7.59 21.86L5.87 20.87C5.26 20.52 4.82 19.95 4.63 19.26C4.45 18.57 4.54 17.86 4.89 17.25C5.18 16.74 5.26 16.28 5.09 15.99C4.92 15.7 4.49 15.53 3.9 15.53C2.44 15.53 1.25 14.34 1.25 12.88V11.12C1.25 9.66 2.44 8.47 3.9 8.47C4.49 8.47 4.92 8.3 5.09 8.01C5.26 7.72 5.19 7.26 4.89 6.75C4.54 6.14 4.45 5.42 4.63 4.74C4.81 4.05 5.25 3.48 5.87 3.13L7.6 2.14C8.73 1.47 10.22 1.86 10.9 3.01L11.02 3.21C11.61 4.23 12.42 4.23 13.01 3.21L13.12 3.02C13.8 1.86 15.29 1.47 16.43 2.15L18.15 3.14C18.76 3.49 19.2 4.06 19.39 4.75C19.57 5.44 19.48 6.15 19.13 6.76C18.84 7.27 18.76 7.73 18.93 8.02C19.1 8.31 19.53 8.48 20.12 8.48C21.58 8.48 22.77 9.67 22.77 11.13V12.89C22.77 14.35 21.58 15.54 20.12 15.54C19.53 15.54 19.1 15.71 18.93 16C18.76 16.29 18.83 16.75 19.13 17.26C19.48 17.87 19.58 18.59 19.39 19.27C19.21 19.96 18.77 20.53 18.15 20.88L16.42 21.87C16.04 22.08 15.63 22.19 15.21 22.19ZM12 18.49C12.89 18.49 13.72 19.05 14.29 20.04L14.4 20.23C14.52 20.44 14.72 20.59 14.96 20.65C15.2 20.71 15.44 20.68 15.64 20.56L17.37 19.56C17.63 19.41 17.83 19.16 17.91 18.86C17.99 18.56 17.95 18.25 17.8 17.99C17.23 17.01 17.16 16 17.6 15.23C18.04 14.46 18.95 14.02 20.09 14.02C20.73 14.02 21.24 13.51 21.24 12.87V11.11C21.24 10.48 20.73 9.96 20.09 9.96C18.95 9.96 18.04 9.52 17.6 8.75C17.16 7.98 17.23 6.97 17.8 5.99C17.95 5.73 17.99 5.42 17.91 5.12C17.83 4.82 17.64 4.58 17.38 4.42L15.65 3.43C15.22 3.17 14.65 3.32 14.39 3.76L14.28 3.95C13.71 4.94 12.88 5.5 11.99 5.5C11.1 5.5 10.27 4.94 9.7 3.95L9.59 3.75C9.34 3.33 8.78 3.18 8.35 3.43L6.62 4.43C6.36 4.58 6.16 4.83 6.08 5.13C6 5.43 6.04 5.74 6.19 6C6.76 6.98 6.83 7.99 6.39 8.76C5.95 9.53 5.04 9.97 3.9 9.97C3.26 9.97 2.75 10.48 2.75 11.12V12.88C2.75 13.51 3.26 14.03 3.9 14.03C5.04 14.03 5.95 14.47 6.39 15.24C6.83 16.01 6.76 17.02 6.19 18C6.04 18.26 6 18.57 6.08 18.87C6.16 19.17 6.35 19.41 6.61 19.57L8.34 20.56C8.55 20.69 8.8 20.72 9.03 20.66C9.27 20.6 9.47 20.44 9.6 20.23L9.71 20.04C10.28 19.06 11.11 18.49 12 18.49Z"
                fill={4285700459}
                propList={
                  Array [
                    "fill",
                  ]
                }
              />
            </RNSVGGroup>
          </RNSVGSvgView>
        </View>
      </View>
    </View>
    <View
      style={
        Object {
          "backgroundColor": "rgba(0, 0, 0, 0.03)",
          "borderColor": "#D3E6F8",
          "elevation": 8,
          "shadowColor": "rgba(0, 0, 0, 0.03)",
          "shadowOffset": Object {
            "height": 6,
            "width": 2,
          },
          "shadowRadius": 17,
          "width": "100%",
        }
      }
    >
      <View
        style={
          Object {
            "borderBottomColor": "rgba(0, 0, 0, 0.03)",
            "borderBottomWidth": 3,
          }
        }
      />
    </View>
  </View>
  <View
    style={
      Object {
        "backgroundColor": "#F5F8FB",
        "flex": 1,
        "justifyContent": "center",
      }
    }
  >
    <View
      style={
        Array [
          Object {
            "alignItems": "center",
            "flex": 1,
            "flexDirection": "column",
            "justifyContent": "center",
            "width": "100%",
          },
          undefined,
        ]
      }
    >
      <RNSVGSvgView
        align="xMidYMid"
        bbHeight={201}
        bbWidth={141}
        fill="none"
        focusable={false}
        height={201}
        meetOrSlice={0}
        minX={0}
        minY={0}
        style={
          Array [
            Object {
              "backgroundColor": "transparent",
              "borderWidth": 0,
            },
            Object {
              "flex": 0,
              "height": 201,
              "width": 141,
            },
          ]
        }
        vbHeight={201}
        vbWidth={143}
        width={141}
      >
        <RNSVGGroup
          fill={null}
          propList={
            Array [
              "fill",
            ]
          }
        >
          <RNSVGPath
            d="M5.11381 194.921C5.11381 198.278 29.9903 201 60.678 201C91.3657 201 116.242 198.278 116.242 194.921C116.242 191.563 91.3657 188.841 60.678 188.841C29.9947 188.837 5.11381 191.559 5.11381 194.921Z"
            fill={4292338431}
            propList={
              Array [
                "fill",
              ]
            }
          />
          <RNSVGPath
            d="M28.8591 173.057C28.8591 173.057 25.6496 175.028 22.2031 177.375C14.8854 174.291 10.3392 169.928 10.4197 165.167C10.4286 164.649 10.4957 164.13 10.6208 163.62C15.4218 160.12 21.9214 156.879 29.8962 154.22C24.6706 157.689 17.1831 163.209 17.6703 166.151C18.4213 170.648 28.8591 173.057 28.8591 173.057Z"
            fill={4294962395}
            propList={
              Array [
                "fill",
              ]
            }
          />
          <RNSVGPath
            d="M86.8374 178.694C78.9923 192.525 59.5426 197.227 43.7539 195.69C39.695 195.296 33.1329 194.715 26.3471 193.495L30.4909 189.744C30.4909 189.744 13.6429 186.709 13.9021 184.407C14.1614 182.105 28.8638 173.057 28.8638 173.057C28.8638 173.057 18.4215 170.648 17.6795 166.151C17.1877 163.209 24.6797 157.689 29.9054 154.22C43.6869 149.629 61.8715 146.777 83.3507 147.394C83.3462 147.394 97.8788 159.253 86.8374 178.694Z"
            fill={4294939690}
            propList={
              Array [
                "fill",
              ]
            }
          />
          <RNSVGPath
            d="M10.6254 163.621C10.5002 164.13 10.4332 164.644 10.4243 165.167C10.3438 169.928 14.89 174.291 22.2076 177.375C18.2873 180.039 14.0406 183.182 13.902 184.407C13.6472 186.709 30.4908 189.744 30.4908 189.744L26.347 193.495C13.9334 191.264 0.594346 186.897 0.95643 177.639C1.14865 172.717 4.52363 168.055 10.6254 163.621Z"
            fill={4294103213}
            propList={
              Array [
                "fill",
              ]
            }
          />
          <RNSVGPath
            d="M86.8374 178.694C78.9923 192.525 59.5426 197.227 43.7539 195.689C39.695 195.296 33.1329 194.715 26.3471 193.495L30.4909 189.744C30.4909 189.744 13.6429 186.709 13.9021 184.407C14.0407 183.182 18.2829 180.035 22.2078 177.375C28.6671 180.106 37.2901 181.85 46.7892 181.997C67.0346 182.315 83.5876 175.301 83.7441 166.334C83.8961 157.622 68.5679 150.268 49.1405 149.553C59.261 147.863 70.7403 147.032 83.3507 147.394C83.3462 147.394 97.8788 159.253 86.8374 178.694Z"
            fill={4293949495}
            propList={
              Array [
                "fill",
              ]
            }
          />
          <RNSVGPath
            d="M80.4984 165.797C80.494 166.419 80.4269 167.653 80.1855 168.658C82.2865 168.779 84.4858 168.269 86.1979 167.228C89.5148 165.207 89.9216 160.769 88.4464 157.313C87.1903 154.372 84.6781 151.788 81.7099 150.952C79.8414 150.429 77.7583 150.684 75.854 150.813C73.4982 150.97 71.1513 151.265 68.8268 151.69C64.7322 152.436 60.5615 153.491 56.6904 155.127C53.8071 156.347 51.2188 158.502 50.9506 162.043C50.6735 165.744 52.2381 169.575 56.069 169.597C57.5442 169.606 59.0014 169.253 60.4408 168.806C60.0251 168.082 59.7882 167.268 59.8954 166.49C60.1681 164.38 62.1573 162.288 63.9141 161.144C63.9141 161.144 70.3243 164.331 77.7716 161.144C77.7672 161.148 80.5253 162.646 80.4984 165.797Z"
            fill={4293949495}
            propList={
              Array [
                "fill",
              ]
            }
          />
          <RNSVGPath
            d="M52.2338 195.967H60.9596C60.9596 195.967 65.2152 188.001 63.512 171.618H59.471C59.471 171.618 60.7495 181.175 56.0648 188.685C56.0648 188.685 50.9598 185.269 52.2338 195.967Z"
            fill={4281865990}
            propList={
              Array [
                "fill",
              ]
            }
          />
          <RNSVGPath
            d="M91.4239 195.967H82.6981C82.6981 195.967 78.4426 188.001 80.1457 171.618H84.1867C84.1867 171.618 82.9083 181.175 87.593 188.685C87.593 188.685 92.6979 185.269 91.4239 195.967Z"
            fill={4281865990}
            propList={
              Array [
                "fill",
              ]
            }
          />
          <RNSVGPath
            d="M100.748 158.645C93.5156 174.577 80.1454 171.618 80.1454 171.618C80.1454 171.618 76.9179 170.934 79.7475 166.839C80.3778 165.927 80.6326 164.984 80.6415 164.081C80.6684 160.929 77.7717 158.189 77.7717 158.189C70.3244 161.376 63.9141 158.189 63.9141 158.189C62.1618 159.338 60.6017 161.555 60.3291 163.67C60.1592 164.926 60.4409 166.137 61.3841 167.067C63.9365 169.57 63.5118 171.618 63.5118 171.618C59.4708 176.624 48.2596 171.443 42.8731 165.802C35.8415 158.431 34.7284 151.801 35.6716 146.705C36.8652 140.25 41.3487 136.236 41.3487 136.236C38.8991 118.32 45.2646 102.12 50.1639 92.7861C52.922 87.5336 55.2107 84.4582 55.2107 84.4582H81.8261C83.8109 86.3714 85.5543 88.4813 87.0875 90.7298C99.0095 108.226 97.9813 133.612 97.9813 133.612C97.9813 133.612 102.143 137.398 103.158 144.363C103.708 148.194 103.319 152.99 100.748 158.645Z"
            fill={4294939690}
            propList={
              Array [
                "fill",
              ]
            }
          />
          <RNSVGPath
            d="M94.03 133.639C94.0122 133.621 94.0032 133.617 94.0032 133.617C94.0032 133.617 94.8839 108.226 84.6204 90.7298C83.3061 88.4858 81.7997 86.3759 80.0965 84.4582H81.8265C83.8157 86.3759 85.5591 88.4858 87.0879 90.7298C92.1928 98.2129 94.9241 107.144 96.3769 114.905C96.5825 121.462 95.9164 127.971 94.03 133.639Z"
            fill={4293949495}
            propList={
              Array [
                "fill",
              ]
            }
          />
          <RNSVGPath
            d="M52.8374 92.7861C48.6802 101.968 43.307 117.801 45.1487 135.382C42.784 129.316 41.9436 122.124 42.1805 114.869C44.0088 105.866 47.3346 98.1771 50.1642 92.7861C52.9268 87.5336 55.2111 84.4537 55.2111 84.4537H57.1869C57.1824 84.4537 55.2111 87.5336 52.8374 92.7861Z"
            fill={4293949495}
            propList={
              Array [
                "fill",
              ]
            }
          />
          <RNSVGPath
            d="M87.0878 90.7253C80.2977 96.778 79.6852 107.14 73.7265 107.739C67.7678 108.347 56.7041 94.9944 50.1687 92.7816C52.9268 87.5292 55.2155 84.4537 55.2155 84.4537H81.8309C83.8112 86.3669 85.5546 88.4768 87.0878 90.7253Z"
            fill={4293949495}
            propList={
              Array [
                "fill",
              ]
            }
          />
          <RNSVGPath
            d="M94.3606 124.234C94.3695 125.637 94.3293 127.086 94.2578 128.561C94.2265 129.151 94.1997 129.745 94.155 130.349C93.9851 132.839 93.6275 135.114 93.1134 137.202C89.2378 153.008 76.6319 157.729 71.7415 158.261C66.574 158.833 51.7777 155.695 46.6058 135.905C46.2303 134.493 45.9084 132.991 45.6447 131.404C45.5553 130.926 45.4927 130.461 45.4256 129.982C45.2111 128.413 45.0814 126.84 45.0233 125.289C44.9875 124.408 44.9741 123.532 44.9786 122.66C45.0948 111.284 48.7604 100.721 51.9968 93.6086C54.5672 87.9449 56.8514 84.4537 56.8514 84.4537H80.2572C82.2777 86.9749 84.097 89.5095 85.6974 92.1334C90.6369 100.189 93.5738 108.977 94.2265 119.638C94.3159 121.131 94.3606 122.66 94.3606 124.234Z"
            fill={4294962395}
            propList={
              Array [
                "fill",
              ]
            }
          />
          <RNSVGPath
            d="M94.3562 124.234C94.3652 125.637 94.3339 127.081 94.2579 128.556C94.2266 129.142 94.1998 129.745 94.1506 130.349C93.9852 132.834 93.6187 135.11 93.1091 137.197C89.2379 153.008 76.632 157.729 71.7372 158.261C66.5697 158.837 51.7779 155.69 46.597 135.91C46.2304 134.493 45.9041 132.991 45.6359 131.408C45.5554 130.926 45.4884 130.461 45.4168 129.982C45.2067 128.418 45.0726 126.844 45.019 125.293C44.9787 124.413 44.9698 123.532 44.9788 122.66C45.0011 120.09 45.2157 117.564 45.5554 115.11C45.5778 115.271 45.6046 115.445 45.6359 115.615C45.9041 117.198 46.2304 118.695 46.597 120.117C51.7734 139.906 66.5652 143.044 71.7372 142.468C76.6276 141.936 89.2335 137.215 93.1091 121.413C93.4757 119.911 93.7707 118.315 93.9673 116.617C94.0746 117.605 94.1551 118.606 94.2222 119.634C94.316 121.127 94.3562 122.66 94.3562 124.234Z"
            fill={4294103213}
            propList={
              Array [
                "fill",
              ]
            }
          />
          <RNSVGPath
            d="M86.2339 97.5826C80.7177 103.711 71.8444 105.598 69.6674 105.598C67.924 105.598 58.1478 102.88 52.2695 97.5826C51.2995 90.9891 52.9177 84.4582 52.9177 84.4582H84.3788C86.3948 86.9659 86.2339 94.5876 86.2339 97.5826Z"
            fill={4294103213}
            propList={
              Array [
                "fill",
              ]
            }
          />
          <RNSVGPath
            d="M63.5118 171.618C59.4708 176.624 48.2596 171.443 42.8731 165.802C35.8415 158.431 34.7284 151.801 35.6716 146.705C44.1068 168.462 54.8397 166.566 60.3291 163.674C60.1592 164.93 60.4409 166.142 61.3841 167.071C63.9365 169.57 63.5118 171.618 63.5118 171.618Z"
            fill={4293949495}
            propList={
              Array [
                "fill",
              ]
            }
          />
          <RNSVGPath
            d="M100.749 158.645C93.5159 174.577 80.1457 171.618 80.1457 171.618C80.1457 171.618 76.9182 170.934 79.7478 166.839C80.3781 165.927 80.6329 164.984 80.6419 164.081C94.7095 169.825 100.959 152.892 103.163 144.363C103.708 148.194 103.319 152.99 100.749 158.645Z"
            fill={4293949495}
            propList={
              Array [
                "fill",
              ]
            }
          />
          <RNSVGPath
            d="M51.353 160.862C48.3356 161.685 44.4466 154.331 43.4855 131.279C43.338 127.698 43.405 124.265 43.624 120.988C45.3674 122.204 48.1881 123.425 51.8939 122.7C52.0101 125.262 52.1621 127.855 52.3901 130.461C53.8965 147.783 54.6788 159.959 51.353 160.862Z"
            fill={4281865990}
            propList={
              Array [
                "fill",
              ]
            }
          />
          <RNSVGPath
            d="M52.2694 97.5826C51.8224 104.373 51.496 113.277 51.8939 122.705C48.1926 123.429 45.3719 122.209 43.6241 120.993C44.3661 110.126 46.8471 101.065 49.1358 94.744C51.3843 88.4992 53.4584 84.9276 53.4584 84.9276C53.4584 84.9276 52.779 89.9073 52.2694 97.5826Z"
            fill={4294939690}
            propList={
              Array [
                "fill",
              ]
            }
          />
          <RNSVGPath
            d="M53.4588 84.9276C53.4588 84.9276 52.7838 89.9073 52.2697 97.5826C51.2997 96.1477 50.1419 95.276 49.1406 94.744C51.3846 88.4992 53.4588 84.9276 53.4588 84.9276Z"
            fill={4293949495}
            propList={
              Array [
                "fill",
              ]
            }
          />
          <RNSVGPath
            d="M87.1457 160.862C90.1631 161.685 94.0521 154.331 95.0132 131.279C95.1607 127.698 95.0936 124.265 94.8746 120.988C93.1312 122.204 90.3106 123.425 86.6048 122.7C86.4886 125.262 86.3366 127.855 86.1086 130.461C84.6022 147.783 83.8199 159.959 87.1457 160.862Z"
            fill={4281865990}
            propList={
              Array [
                "fill",
              ]
            }
          />
          <RNSVGPath
            d="M86.2338 97.5826C86.6808 104.373 87.0071 113.277 86.6093 122.705C90.3106 123.429 93.1313 122.209 94.8791 120.993C94.1371 110.126 91.6561 101.065 89.3674 94.744C87.1189 88.4992 85.0447 84.9276 85.0447 84.9276C85.0447 84.9276 85.7197 89.9073 86.2338 97.5826Z"
            fill={4294939690}
            propList={
              Array [
                "fill",
              ]
            }
          />
          <RNSVGPath
            d="M85.0404 84.9276C85.0404 84.9276 85.7154 89.9073 86.2294 97.5826C87.1995 96.1477 88.3572 95.276 89.3586 94.744C87.1145 88.4992 85.0404 84.9276 85.0404 84.9276Z"
            fill={4293949495}
            propList={
              Array [
                "fill",
              ]
            }
          />
          <RNSVGPath
            d="M29.6735 48.9427C26.3656 47.5748 22.0251 44.7005 18.3372 37.8969C17.1973 35.8093 16.12 33.3418 15.1589 30.4496C12.3337 21.9429 7.68028 15.8277 4.41258 12.2739C2.57981 10.2891 3.0805 7.1019 5.44969 5.81002C29.611 -7.38145 44.5458 4.96516 50.8577 12.5957C53.1911 15.4298 54.3488 17.6157 54.3488 17.6157C62.8288 32.2153 33.9917 50.7263 29.6735 48.9427Z"
            fill={4294939690}
            propList={
              Array [
                "fill",
              ]
            }
          />
          <RNSVGPath
            d="M45.0868 22.3229C42.959 19.2474 34.1573 19.3234 34.1573 19.3234L38.9806 14.1112C38.9806 14.1112 33.9069 11.5855 28.4891 13.7625C28.4891 13.7625 31.2025 10.696 33.6253 9.34149C30.3397 6.59681 12.5574 7.81716 10.8319 11.5632C10.1033 13.1456 21.4441 23.0828 25.5745 33.9587C27.4922 39.0234 45.0868 22.3229 45.0868 22.3229Z"
            fill={4293949495}
            propList={
              Array [
                "fill",
              ]
            }
          />
          <RNSVGPath
            d="M29.6733 48.9427C26.3654 47.5748 22.0249 44.7005 18.337 37.8969C29.0475 21.9607 45.0641 14.7772 50.8575 12.6002C53.1909 15.4343 54.3487 17.6202 54.3487 17.6202C62.8286 32.2153 33.9915 50.7263 29.6733 48.9427Z"
            fill={4293949495}
            propList={
              Array [
                "fill",
              ]
            }
          />
          <RNSVGPath
            d="M106.917 54.8568C110.453 54.3159 115.357 52.5592 120.556 46.8284C122.16 45.0716 123.792 42.9349 125.415 40.3511C130.184 32.7653 136.161 27.9285 140.18 25.2598C142.433 23.7713 142.701 20.5527 140.712 18.7334C120.386 0.168775 102.939 8.60398 94.9952 14.5135C92.0538 16.7084 90.4088 18.5591 90.4088 18.5591C78.7014 30.7179 102.299 55.5586 106.917 54.8568Z"
            fill={4294939690}
            propList={
              Array [
                "fill",
              ]
            }
          />
          <RNSVGPath
            d="M98.2901 25.3313C101.088 22.8504 109.622 25.0184 109.622 25.0184L106.18 18.8093C106.18 18.8093 111.71 17.5666 116.452 20.9684C116.452 20.9684 114.548 17.3431 112.519 15.4522C116.363 13.5703 133.345 18.9881 134.127 23.0336C134.458 24.7457 121.075 31.6968 114.477 41.2764C111.401 45.7421 98.2901 25.3313 98.2901 25.3313Z"
            fill={4293949495}
            propList={
              Array [
                "fill",
              ]
            }
          />
          <RNSVGPath
            d="M106.917 54.8568C110.453 54.3159 115.357 52.5591 120.556 46.8284C113.949 28.8002 100.105 18.0092 94.9909 14.518C92.0495 16.7128 90.4045 18.5635 90.4045 18.5635C78.7016 30.7179 102.3 55.5586 106.917 54.8568Z"
            fill={4293949495}
            propList={
              Array [
                "fill",
              ]
            }
          />
          <RNSVGPath
            d="M124.003 80.1176C90.8922 76.4163 70.1864 77.221 70.1864 77.221C37.2502 76.0989 11.1534 80.8195 11.1534 80.8195C11.1534 80.8195 10.8762 27.3964 60.5576 13.2886C60.5576 13.2886 64.63 8.00932 72.9177 3.7716L67.4775 12.5823C67.7681 12.3677 72.5109 8.97041 78.0763 7.64724L76.2613 13.6373C76.2658 13.6328 117.409 17.8929 124.003 80.1176Z"
            fill={4294939690}
            propList={
              Array [
                "fill",
              ]
            }
          />
          <RNSVGPath
            d="M124.003 80.1177C124.003 80.1177 92.3986 87.5114 70.0567 102.621C70.0567 102.621 46.9996 86.7783 11.1533 80.8195C11.1533 80.8195 36.5886 66.3496 69.4086 72.5899C69.4086 72.5899 98.3618 64.4766 124.003 80.1177Z"
            fill={4294962395}
            propList={
              Array [
                "fill",
              ]
            }
          />
          <RNSVGPath
            d="M65.8456 70.1536L72.9173 70.2251C74.1645 70.2385 74.7725 71.7495 73.8829 72.6212L70.3247 76.1168C69.7748 76.6577 68.8897 76.6488 68.3488 76.0989L64.8353 72.5317C63.9591 71.6422 64.5984 70.1402 65.8456 70.1536Z"
            fill={4281865990}
            propList={
              Array [
                "fill",
              ]
            }
          />
          <RNSVGPath
            d="M73.4806 62.7332C73.4806 62.7332 72.3899 55.4245 74.8261 45.8405C74.8261 45.8405 86.082 47.3156 101.674 43.1941C107.749 48.5091 107.749 57.2841 107.749 57.2841C107.749 57.2841 91.1333 70.5158 73.4806 62.7332Z"
            fill={4293949495}
            propList={
              Array [
                "fill",
              ]
            }
          />
          <RNSVGPath
            d="M75.4787 63.386C75.4787 63.386 74.0751 55.8895 75.3938 45.8406C75.3938 45.8406 84.6381 46.5156 99.2422 44.0034C101.486 48.0355 103.721 58.6208 103.721 58.6208C103.721 58.6208 90.0693 69.8454 75.4787 63.386Z"
            fill={4294967295}
            propList={
              Array [
                "fill",
              ]
            }
          />
          <RNSVGPath
            d="M76.5069 57.2708C76.1359 66.3944 81.7504 74.5346 89.1038 74.1233C96.4573 73.7121 101.133 64.9997 99.7518 55.9744C98.5493 48.1293 93.0689 42.7472 87.3739 43.0646C81.6789 43.382 76.8288 49.3452 76.5069 57.2708Z"
            fill={4281865990}
            propList={
              Array [
                "fill",
              ]
            }
          />
          <RNSVGPath
            d="M94.9599 50.9053C95.1029 52.6129 94.1373 54.1283 92.8097 54.2892C91.4776 54.4501 90.284 53.194 90.1455 51.4864C90.0024 49.7788 90.968 48.2634 92.2956 48.1025C93.6277 47.9416 94.8213 49.1977 94.9599 50.9053Z"
            fill={4294967295}
            propList={
              Array [
                "fill",
              ]
            }
          />
          <RNSVGPath
            d="M84.9111 65.7729C81.849 65.7729 78.6037 65.2096 75.3136 63.7524L75.1214 63.6674L75.0812 63.4618C75.0677 63.3858 73.6775 55.7865 74.9918 45.7912L75.0409 45.4202L75.4164 45.447C75.5103 45.4515 84.7859 46.0907 99.1709 43.6187L99.4481 43.5695L99.5867 43.8154C101.835 47.8564 104.017 58.111 104.11 58.5446L104.16 58.7815L103.972 58.9335C103.869 59.0185 95.4965 65.7729 84.9111 65.7729ZM75.8322 63.1087C89.037 68.8081 101.594 59.7516 103.279 58.4641C102.939 56.8996 100.981 48.1962 99.0234 44.4457C86.3192 46.6048 77.6068 46.35 75.7383 46.2561C74.6386 55.0355 75.631 61.857 75.8322 63.1087Z"
            fill={4281865990}
            propList={
              Array [
                "fill",
              ]
            }
          />
          <RNSVGPath
            d="M64.3347 62.6482C64.3347 62.6482 65.1036 55.2993 62.2516 45.8315C62.2516 45.8315 51.0717 47.7983 35.3144 44.3652C29.4763 49.944 29.8608 58.7056 29.8608 58.7056C29.8608 58.7056 47.0396 71.1952 64.3347 62.6482Z"
            fill={4293949495}
            propList={
              Array [
                "fill",
              ]
            }
          />
          <RNSVGPath
            d="M62.368 63.3902C62.368 63.3902 63.4453 55.8356 61.6841 45.8581C61.6841 45.8581 52.48 46.9399 37.7776 45.0714C35.7124 49.1974 33.9422 59.8721 33.9422 59.8721C33.9422 59.8721 48.0724 70.4798 62.368 63.3902Z"
            fill={4294967295}
            propList={
              Array [
                "fill",
              ]
            }
          />
          <RNSVGPath
            d="M61.0718 57.3242C61.8407 66.421 56.5883 74.8025 49.2259 74.7131C41.8635 74.6282 36.8078 66.1259 37.7957 57.047C38.654 49.1572 43.893 43.5382 49.5969 43.6052C55.2964 43.6767 60.4013 49.4164 61.0718 57.3242Z"
            fill={4281865990}
            propList={
              Array [
                "fill",
              ]
            }
          />
          <RNSVGPath
            d="M51.9661 51.4548C51.8991 53.1669 52.9272 54.6376 54.2638 54.7404C55.6004 54.8432 56.7358 53.5379 56.8029 51.8259C56.8699 50.1138 55.8418 48.6431 54.5052 48.5403C53.1731 48.433 52.0332 49.7383 51.9661 51.4548Z"
            fill={4294967295}
            propList={
              Array [
                "fill",
              ]
            }
          />
          <RNSVGPath
            d="M51.9435 66.2065C41.8766 66.2065 33.8124 60.2657 33.7051 60.1852L33.5129 60.0377L33.5532 59.8008C33.6247 59.3627 35.3591 49.0232 37.4243 44.8883L37.5495 44.6335L37.8311 44.6693C52.31 46.511 61.5498 45.4694 61.6437 45.456L62.0192 45.4113L62.0863 45.7823C63.8341 55.7106 62.7836 63.3635 62.7702 63.4395L62.7389 63.6451L62.5512 63.739C58.9348 65.536 55.3229 66.2065 51.9435 66.2065ZM34.3757 59.689C36.1101 60.9004 49.0513 69.4027 61.9969 63.1266C62.1489 61.866 62.8372 55.0088 61.3531 46.2919C59.4846 46.4663 50.7946 47.101 38.0099 45.5007C36.2219 49.3316 34.6483 58.1111 34.3757 59.689Z"
            fill={4281865990}
            propList={
              Array [
                "fill",
              ]
            }
          />
          <RNSVGPath
            d="M78.7735 33.99C78.5276 35.0763 80.7672 36.5067 83.7712 37.1817C86.7751 37.8567 89.4081 37.5259 89.6539 36.4397C89.8998 35.3534 87.6602 33.923 84.6562 33.248C81.6523 32.5685 79.0193 32.9038 78.7735 33.99Z"
            fill={4281865990}
            propList={
              Array [
                "fill",
              ]
            }
          />
          <RNSVGPath
            d="M58.8765 33.4804C59.0866 34.5756 56.8069 35.9346 53.7851 36.5201C50.7632 37.1057 48.1392 36.69 47.9291 35.5993C47.719 34.5041 49.9988 33.1452 53.0206 32.5596C56.0425 31.974 58.662 32.3897 58.8765 33.4804Z"
            fill={4281865990}
            propList={
              Array [
                "fill",
              ]
            }
          />
          <RNSVGPath
            d="M58.8498 83.658L59.6455 84.789L59.0778 84.6683C60.6155 83.6848 62.2605 82.983 63.986 82.4645C65.7115 81.9504 67.513 81.6777 69.3234 81.6375C70.2308 81.5839 71.1338 81.6956 72.0413 81.7627C72.4883 81.8297 72.9353 81.9236 73.3823 82.0085C73.6058 82.0577 73.8293 82.0845 74.0484 82.1471L74.701 82.3438C76.4622 82.7998 78.067 83.6983 79.5601 84.6683L79.0058 84.7711L79.9043 83.6402L80.5748 84.1721L79.6763 85.3031L79.122 85.4059C77.5574 84.7085 76.0019 84.038 74.3479 83.6938L73.7355 83.5418C73.5299 83.4882 73.3197 83.4748 73.1141 83.439L71.8714 83.2557C71.0355 83.2021 70.1996 83.1261 69.3592 83.1574C67.6784 83.1797 65.9976 83.3988 64.3436 83.7787L63.1099 84.1006C62.7031 84.2302 62.2918 84.3375 61.8895 84.4805C61.0804 84.7353 60.2758 85.0661 59.5203 85.4014L58.9526 85.2807L58.1569 84.1497L58.8498 83.658Z"
            fill={4281865990}
            propList={
              Array [
                "fill",
              ]
            }
          />
        </RNSVGGroup>
      </RNSVGSvgView>
      <Text
        adjustsFontSizeToFit={true}
        style={
          Array [
            Object {
              "fontFamily": "Poppins",
            },
            Object {
              "marginTop": 20,
              "minHeight": 20,
            },
            Object {
              "color": "#58595A",
              "fontSize": 14,
              "fontWeight": "400",
              "lineHeight": 22,
            },
          ]
        }
        testID="messageText"
      >
        You don’t have any data yet.
      </Text>
      <Text
        adjustsFontSizeToFit={true}
        style={
          Array [
            Object {
              "fontFamily": "Poppins",
            },
            Object {
              "marginTop": 8,
              "minHeight": 22,
            },
            Object {
              "color": "#72996B",
              "fontSize": 16,
              "fontWeight": "700",
              "lineHeight": 24,
            },
          ]
        }
        testID="actionMessageText"
      >
        Press “+” to add data
      </Text>
    </View>
  </View>
</RCTSafeAreaView>
`;
