// Jest Snapshot v1, https://goo.gl/fbAQLP

exports[`chatListItem snapshot 1`] = `
<View
  accessibilityState={
    {
      "busy": undefined,
      "checked": undefined,
      "disabled": undefined,
      "expanded": undefined,
      "selected": undefined,
    }
  }
  accessibilityValue={
    {
      "max": undefined,
      "min": undefined,
      "now": undefined,
      "text": undefined,
    }
  }
  accessible={true}
  collapsable={false}
  focusable={false}
  onClick={[Function]}
  onResponderGrant={[Function]}
  onResponderMove={[Function]}
  onResponderRelease={[Function]}
  onResponderTerminate={[Function]}
  onResponderTerminationRequest={[Function]}
  onStartShouldSetResponder={[Function]}
  style={
    {
      "alignItems": "center",
      "backgroundColor": "#FFFFFF",
      "borderColor": "#cccccc",
      "borderRadius": 20,
      "elevation": 1,
      "flexDirection": "row",
      "height": 90,
      "opacity": 1,
      "shadowColor": "rgba(0,0,0,0.5)",
      "shadowOffset": {
        "height": 0,
        "width": 0,
      },
      "shadowOpacity": 0.06,
      "shadowRadius": 3,
    }
  }
>
  <View
    style={
      {
        "alignItems": "center",
        "width": "20%",
      }
    }
  >
    <View
      style={
        {
          "borderRadius": 16,
          "height": 32,
          "position": "relative",
          "width": 32,
        }
      }
    >
      <View
        style={
          [
            {
              "justifyContent": "center",
            },
            {
              "height": 32,
              "width": 32,
            },
          ]
        }
      >
        <Image
          source={
            {
              "testUri": "../../../src/assets/images/default_avatar.jpg",
            }
          }
          style={
            {
              "borderRadius": 12,
              "height": 24,
              "width": 24,
            }
          }
        />
      </View>
    </View>
  </View>
  <View
    style={
      {
        "width": "60%",
      }
    }
  >
    <Text
      adjustsFontSizeToFit={true}
      style={
        [
          {
            "fontFamily": "Poppins",
          },
          undefined,
          {
            "color": "#4D4F4D",
            "fontSize": 14,
            "fontWeight": "bold",
            "lineHeight": 22,
          },
        ]
      }
    >
      label
    </Text>
  </View>
  <View
    style={
      {
        "alignItems": "center",
        "width": "20%",
      }
    }
  >
    <RNSVGSvgView
      align="xMidYMid"
      bbHeight={32}
      bbWidth={32}
      fill="none"
      focusable={false}
      height={32}
      meetOrSlice={0}
      minX={0}
      minY={0}
      style={
        [
          {
            "backgroundColor": "transparent",
            "borderWidth": 0,
          },
          {
            "flex": 0,
            "height": 32,
            "width": 32,
          },
        ]
      }
      vbHeight={24}
      vbWidth={24}
      width={32}
    >
      <RNSVGGroup
        fill={null}
        propList={
          [
            "fill",
          ]
        }
      >
        <RNSVGPath
          d="M9.5 7L14.5 12L9.5 17"
          propList={
            [
              "stroke",
              "strokeWidth",
              "strokeLinecap",
              "strokeLinejoin",
            ]
          }
          stroke={4285419984}
          strokeLinecap={1}
          strokeLinejoin={1}
          strokeWidth={2}
        />
      </RNSVGGroup>
    </RNSVGSvgView>
  </View>
</View>
`;
