// Jest Snapshot v1, https://goo.gl/fbAQLP

exports[`lessonCard snapshot 1`] = `
<View
  collapsable={false}
  style={
    {
      "alignItems": "center",
      "backgroundColor": "#FFFFFF",
      "borderColor": "#cccccc",
      "borderRadius": 20,
      "elevation": 1,
      "flexDirection": "row",
      "height": 90,
      "justifyContent": "space-between",
      "marginBottom": 10,
      "shadowColor": "rgba(0,0,0,0.5)",
      "shadowOffset": {
        "height": 0,
        "width": 0,
      },
      "shadowOpacity": 0.06,
      "shadowRadius": 3,
      "transform": [
        {
          "translateX": 0,
        },
      ],
      "width": "100%",
    }
  }
>
  <View
    accessibilityState={
      {
        "busy": undefined,
        "checked": undefined,
        "disabled": true,
        "expanded": undefined,
        "selected": undefined,
      }
    }
    accessibilityValue={
      {
        "max": undefined,
        "min": undefined,
        "now": undefined,
        "text": undefined,
      }
    }
    accessible={true}
    collapsable={false}
    focusable={false}
    onClick={[Function]}
    onResponderGrant={[Function]}
    onResponderMove={[Function]}
    onResponderRelease={[Function]}
    onResponderTerminate={[Function]}
    onResponderTerminationRequest={[Function]}
    onStartShouldSetResponder={[Function]}
    style={
      {
        "alignItems": "center",
        "backgroundColor": "#FFFFFF",
        "borderRadius": 20,
        "flexDirection": "row",
        "height": 90,
        "justifyContent": "space-between",
        "opacity": 1,
        "width": "100%",
      }
    }
  >
    <View
      collapsable={false}
      style={
        {
          "backgroundColor": "#FFFFFF",
          "borderRadius": 20,
          "height": 100,
          "left": 0,
          "position": "absolute",
          "top": 0,
          "width": "0%",
        }
      }
    />
    <View
      style={
        {
          "alignItems": "center",
          "flexDirection": "row",
          "width": "70%",
        }
      }
    >
      <View
        style={
          {
            "alignItems": "center",
            "backgroundColor": "#f8f8f8",
            "borderRadius": 15,
            "height": 70,
            "justifyContent": "center",
            "marginLeft": 10,
            "width": "28%",
          }
        }
      >
        <Image
          resizeMode="contain"
          source={
            {
              "uri": undefined,
            }
          }
          style={
            {
              "height": 45,
              "width": 45,
            }
          }
        />
      </View>
      <View
        style={
          {
            "marginStart": 10,
            "width": "65%",
          }
        }
      >
        <Text
          adjustsFontSizeToFit={true}
          style={
            [
              {
                "fontFamily": "Poppins",
              },
              undefined,
              {
                "color": "#4D4F4D",
                "fontSize": 14,
                "fontWeight": "700",
                "lineHeight": 22,
              },
            ]
          }
        />
        <Text
          adjustsFontSizeToFit={true}
          style={
            [
              {
                "fontFamily": "Poppins",
              },
              {
                "marginTop": 5,
              },
              {
                "color": "#A4AAAF",
                "fontSize": 12,
                "fontWeight": undefined,
                "lineHeight": 20,
              },
            ]
          }
        />
      </View>
    </View>
    <View
      style={
        {
          "alignItems": "flex-end",
          "paddingLeft": 10,
          "paddingRight": 10,
          "width": "30%",
        }
      }
    >
      <View>
        <View>
          <RNSVGSvgView
            align="xMidYMid"
            bbHeight={25}
            bbWidth={25}
            fill="none"
            focusable={false}
            height={25}
            meetOrSlice={0}
            minX={0}
            minY={0}
            style={
              [
                {
                  "backgroundColor": "transparent",
                  "borderWidth": 0,
                },
                {
                  "flex": 0,
                  "height": 25,
                  "width": 25,
                },
              ]
            }
            vbHeight={24}
            vbWidth={24}
            width={25}
            xml="<svg width="24" height="24" viewBox="0 0 24 24" fill="none" xmlns="http://www.w3.org/2000/svg">
<path d="M12 17.35C12.9002 17.35 13.63 16.6202 13.63 15.72C13.63 14.8198 12.9002 14.09 12 14.09C11.0998 14.09 10.37 14.8198 10.37 15.72C10.37 16.6202 11.0998 17.35 12 17.35Z" fill="#A4AAAF"/>
<path d="M18.28 9.53V8.28C18.28 5.58 17.63 2 12 2C6.37 2 5.72 5.58 5.72 8.28V9.53C2.92 9.88 2 11.3 2 14.79V16.65C2 20.75 3.25 22 7.35 22H16.65C20.75 22 22 20.75 22 16.65V14.79C22 11.3 21.08 9.88 18.28 9.53ZM12 18.74C10.33 18.74 8.98 17.38 8.98 15.72C8.98 14.05 10.34 12.7 12 12.7C13.66 12.7 15.02 14.06 15.02 15.72C15.02 17.39 13.67 18.74 12 18.74ZM7.35 9.44C7.27 9.44 7.2 9.44 7.12 9.44V8.28C7.12 5.35 7.95 3.4 12 3.4C16.05 3.4 16.88 5.35 16.88 8.28V9.45C16.8 9.45 16.73 9.45 16.65 9.45H7.35V9.44Z" fill="#A4AAAF"/>
</svg>
"
            xmlns="http://www.w3.org/2000/svg"
          >
            <RNSVGGroup
              fill={null}
              propList={
                [
                  "fill",
                ]
              }
            >
              <RNSVGPath
                d="M12 17.35C12.9002 17.35 13.63 16.6202 13.63 15.72C13.63 14.8198 12.9002 14.09 12 14.09C11.0998 14.09 10.37 14.8198 10.37 15.72C10.37 16.6202 11.0998 17.35 12 17.35Z"
                fill={4288981679}
                propList={
                  [
                    "fill",
                  ]
                }
              />
              <RNSVGPath
                d="M18.28 9.53V8.28C18.28 5.58 17.63 2 12 2C6.37 2 5.72 5.58 5.72 8.28V9.53C2.92 9.88 2 11.3 2 14.79V16.65C2 20.75 3.25 22 7.35 22H16.65C20.75 22 22 20.75 22 16.65V14.79C22 11.3 21.08 9.88 18.28 9.53ZM12 18.74C10.33 18.74 8.98 17.38 8.98 15.72C8.98 14.05 10.34 12.7 12 12.7C13.66 12.7 15.02 14.06 15.02 15.72C15.02 17.39 13.67 18.74 12 18.74ZM7.35 9.44C7.27 9.44 7.2 9.44 7.12 9.44V8.28C7.12 5.35 7.95 3.4 12 3.4C16.05 3.4 16.88 5.35 16.88 8.28V9.45C16.8 9.45 16.73 9.45 16.65 9.45H7.35V9.44Z"
                fill={4288981679}
                propList={
                  [
                    "fill",
                  ]
                }
              />
            </RNSVGGroup>
          </RNSVGSvgView>
          <View
            collapsable={false}
            style={
              {
                "opacity": 0,
                "position": "absolute",
              }
            }
          >
            <RNSVGSvgView
              align="xMidYMid"
              bbHeight={25}
              bbWidth={25}
              fill="none"
              focusable={false}
              height={25}
              meetOrSlice={0}
              minX={0}
              minY={0}
              style={
                [
                  {
                    "backgroundColor": "transparent",
                    "borderWidth": 0,
                  },
                  {
                    "flex": 0,
                    "height": 25,
                    "width": 25,
                  },
                ]
              }
              vbHeight={24}
              vbWidth={24}
              width={25}
              xml="<svg width="24" height="24" viewBox="0 0 24 24" fill="none" xmlns="http://www.w3.org/2000/svg">
<path d="M12 17.35C12.9002 17.35 13.63 16.6202 13.63 15.72C13.63 14.8198 12.9002 14.09 12 14.09C11.0998 14.09 10.37 14.8198 10.37 15.72C10.37 16.6202 11.0998 17.35 12 17.35Z" fill="#A4AAAF"/>
<path d="M18.28 9.53V8.28C18.28 5.58 17.63 2 12 2C6.37 2 5.72 5.58 5.72 8.28V9.53C2.92 9.88 2 11.3 2 14.79V16.65C2 20.75 3.25 22 7.35 22H16.65C20.75 22 22 20.75 22 16.65V14.79C22 11.3 21.08 9.88 18.28 9.53ZM12 18.74C10.33 18.74 8.98 17.38 8.98 15.72C8.98 14.05 10.34 12.7 12 12.7C13.66 12.7 15.02 14.06 15.02 15.72C15.02 17.39 13.67 18.74 12 18.74ZM7.35 9.44C7.27 9.44 7.2 9.44 7.12 9.44V8.28C7.12 5.35 7.95 3.4 12 3.4C16.05 3.4 16.88 5.35 16.88 8.28V9.45C16.8 9.45 16.73 9.45 16.65 9.45H7.35V9.44Z" fill="#A4AAAF"/>
</svg>
"
              xmlns="http://www.w3.org/2000/svg"
            >
              <RNSVGGroup
                fill={null}
                propList={
                  [
                    "fill",
                  ]
                }
              >
                <RNSVGPath
                  d="M12 17.35C12.9002 17.35 13.63 16.6202 13.63 15.72C13.63 14.8198 12.9002 14.09 12 14.09C11.0998 14.09 10.37 14.8198 10.37 15.72C10.37 16.6202 11.0998 17.35 12 17.35Z"
                  fill={4288981679}
                  propList={
                    [
                      "fill",
                    ]
                  }
                />
                <RNSVGPath
                  d="M18.28 9.53V8.28C18.28 5.58 17.63 2 12 2C6.37 2 5.72 5.58 5.72 8.28V9.53C2.92 9.88 2 11.3 2 14.79V16.65C2 20.75 3.25 22 7.35 22H16.65C20.75 22 22 20.75 22 16.65V14.79C22 11.3 21.08 9.88 18.28 9.53ZM12 18.74C10.33 18.74 8.98 17.38 8.98 15.72C8.98 14.05 10.34 12.7 12 12.7C13.66 12.7 15.02 14.06 15.02 15.72C15.02 17.39 13.67 18.74 12 18.74ZM7.35 9.44C7.27 9.44 7.2 9.44 7.12 9.44V8.28C7.12 5.35 7.95 3.4 12 3.4C16.05 3.4 16.88 5.35 16.88 8.28V9.45C16.8 9.45 16.73 9.45 16.65 9.45H7.35V9.44Z"
                  fill={4288981679}
                  propList={
                    [
                      "fill",
                    ]
                  }
                />
              </RNSVGGroup>
            </RNSVGSvgView>
          </View>
        </View>
      </View>
    </View>
  </View>
</View>
`;
